Archive member included to satisfy reference by file (symbol)

/Applications/STM32CubeIDE.app/Contents/Eclipse/plugins/com.st.stm32cube.ide.mcu.externaltools.gnu-tools-for-stm32.7-2018-q2-update.macos64_1.5.0.202011040924/tools/bin/../lib/gcc/arm-none-eabi/7.3.1/../../../../arm-none-eabi/lib/thumb/v7-m/libstdc++_nano.a(pure.o)
                              Core/Src/Print.o (__cxa_pure_virtual)
/Applications/STM32CubeIDE.app/Contents/Eclipse/plugins/com.st.stm32cube.ide.mcu.externaltools.gnu-tools-for-stm32.7-2018-q2-update.macos64_1.5.0.202011040924/tools/bin/../lib/gcc/arm-none-eabi/7.3.1/../../../../arm-none-eabi/lib/thumb/v7-m/libstdc++_nano.a(eh_terminate.o)
                              /Applications/STM32CubeIDE.app/Contents/Eclipse/plugins/com.st.stm32cube.ide.mcu.externaltools.gnu-tools-for-stm32.7-2018-q2-update.macos64_1.5.0.202011040924/tools/bin/../lib/gcc/arm-none-eabi/7.3.1/../../../../arm-none-eabi/lib/thumb/v7-m/libstdc++_nano.a(pure.o) (std::terminate())
/Applications/STM32CubeIDE.app/Contents/Eclipse/plugins/com.st.stm32cube.ide.mcu.externaltools.gnu-tools-for-stm32.7-2018-q2-update.macos64_1.5.0.202011040924/tools/bin/../lib/gcc/arm-none-eabi/7.3.1/../../../../arm-none-eabi/lib/thumb/v7-m/libstdc++_nano.a(eh_unex_handler.o)
                              /Applications/STM32CubeIDE.app/Contents/Eclipse/plugins/com.st.stm32cube.ide.mcu.externaltools.gnu-tools-for-stm32.7-2018-q2-update.macos64_1.5.0.202011040924/tools/bin/../lib/gcc/arm-none-eabi/7.3.1/../../../../arm-none-eabi/lib/thumb/v7-m/libstdc++_nano.a(eh_terminate.o) (__cxxabiv1::__unexpected_handler)
/Applications/STM32CubeIDE.app/Contents/Eclipse/plugins/com.st.stm32cube.ide.mcu.externaltools.gnu-tools-for-stm32.7-2018-q2-update.macos64_1.5.0.202011040924/tools/bin/../lib/gcc/arm-none-eabi/7.3.1/../../../../arm-none-eabi/lib/thumb/v7-m/libstdc++_nano.a(eh_term_handler.o)
                              /Applications/STM32CubeIDE.app/Contents/Eclipse/plugins/com.st.stm32cube.ide.mcu.externaltools.gnu-tools-for-stm32.7-2018-q2-update.macos64_1.5.0.202011040924/tools/bin/../lib/gcc/arm-none-eabi/7.3.1/../../../../arm-none-eabi/lib/thumb/v7-m/libstdc++_nano.a(eh_terminate.o) (__cxxabiv1::__terminate_handler)
/Applications/STM32CubeIDE.app/Contents/Eclipse/plugins/com.st.stm32cube.ide.mcu.externaltools.gnu-tools-for-stm32.7-2018-q2-update.macos64_1.5.0.202011040924/tools/bin/../lib/gcc/arm-none-eabi/7.3.1/../../../../arm-none-eabi/lib/thumb/v7-m/libm.a(lib_a-s_ceil.o)
                              Core/Src/INA226.o (ceil)
/Applications/STM32CubeIDE.app/Contents/Eclipse/plugins/com.st.stm32cube.ide.mcu.externaltools.gnu-tools-for-stm32.7-2018-q2-update.macos64_1.5.0.202011040924/tools/bin/../lib/gcc/arm-none-eabi/7.3.1/../../../../arm-none-eabi/lib/thumb/v7-m/libc_nano.a(lib_a-abort.o)
                              /Applications/STM32CubeIDE.app/Contents/Eclipse/plugins/com.st.stm32cube.ide.mcu.externaltools.gnu-tools-for-stm32.7-2018-q2-update.macos64_1.5.0.202011040924/tools/bin/../lib/gcc/arm-none-eabi/7.3.1/../../../../arm-none-eabi/lib/thumb/v7-m/libstdc++_nano.a(eh_terminate.o) (abort)
/Applications/STM32CubeIDE.app/Contents/Eclipse/plugins/com.st.stm32cube.ide.mcu.externaltools.gnu-tools-for-stm32.7-2018-q2-update.macos64_1.5.0.202011040924/tools/bin/../lib/gcc/arm-none-eabi/7.3.1/../../../../arm-none-eabi/lib/thumb/v7-m/libc_nano.a(lib_a-errno.o)
                              Core/Src/syscalls.o (__errno)
/Applications/STM32CubeIDE.app/Contents/Eclipse/plugins/com.st.stm32cube.ide.mcu.externaltools.gnu-tools-for-stm32.7-2018-q2-update.macos64_1.5.0.202011040924/tools/bin/../lib/gcc/arm-none-eabi/7.3.1/../../../../arm-none-eabi/lib/thumb/v7-m/libc_nano.a(lib_a-exit.o)
                              /Applications/STM32CubeIDE.app/Contents/Eclipse/plugins/com.st.stm32cube.ide.mcu.externaltools.gnu-tools-for-stm32.7-2018-q2-update.macos64_1.5.0.202011040924/tools/bin/../lib/gcc/arm-none-eabi/7.3.1/../../../../arm-none-eabi/lib/thumb/v7-m/crt0.o (exit)
/Applications/STM32CubeIDE.app/Contents/Eclipse/plugins/com.st.stm32cube.ide.mcu.externaltools.gnu-tools-for-stm32.7-2018-q2-update.macos64_1.5.0.202011040924/tools/bin/../lib/gcc/arm-none-eabi/7.3.1/../../../../arm-none-eabi/lib/thumb/v7-m/libc_nano.a(lib_a-impure.o)
                              /Applications/STM32CubeIDE.app/Contents/Eclipse/plugins/com.st.stm32cube.ide.mcu.externaltools.gnu-tools-for-stm32.7-2018-q2-update.macos64_1.5.0.202011040924/tools/bin/../lib/gcc/arm-none-eabi/7.3.1/../../../../arm-none-eabi/lib/thumb/v7-m/libc_nano.a(lib_a-exit.o) (_global_impure_ptr)
/Applications/STM32CubeIDE.app/Contents/Eclipse/plugins/com.st.stm32cube.ide.mcu.externaltools.gnu-tools-for-stm32.7-2018-q2-update.macos64_1.5.0.202011040924/tools/bin/../lib/gcc/arm-none-eabi/7.3.1/../../../../arm-none-eabi/lib/thumb/v7-m/libc_nano.a(lib_a-init.o)
[...]
Memory Configuration

Name             Origin             Length             Attributes
RAM              0x0000000020000000 0x0000000000005000 xrw
FLASH            0x0000000008000000 0x0000000000010000 xr
*default*        0x0000000000000000 0xffffffffffffffff

Linker script and memory map

LOAD /Applications/STM32CubeIDE.app/Contents/Eclipse/plugins/com.st.stm32cube.ide.mcu.externaltools.gnu-tools-for-stm32.7-2018-q2-update.macos64_1.5.0.202011040924/tools/bin/../lib/gcc/arm-none-eabi/7.3.1/thumb/v7-m/crti.o
LOAD /Applications/STM32CubeIDE.app/Contents/Eclipse/plugins/com.st.stm32cube.ide.mcu.externaltools.gnu-tools-for-stm32.7-2018-q2-update.macos64_1.5.0.202011040924/tools/bin/../lib/gcc/arm-none-eabi/7.3.1/thumb/v7-m/crtbegin.o
LOAD /Applications/STM32CubeIDE.app/Contents/Eclipse/plugins/com.st.stm32cube.ide.mcu.externaltools.gnu-tools-for-stm32.7-2018-q2-update.macos64_1.5.0.202011040924/tools/bin/../lib/gcc/arm-none-eabi/7.3.1/../../../../arm-none-eabi/lib/thumb/v7-m/crt0.o
LOAD Core/Src/INA226.o
LOAD Core/Src/Print.o
LOAD Core/Src/Serial.o
LOAD Core/Src/main.o
LOAD Core/Src/stm32f1xx_hal_msp.o
LOAD Core/Src/stm32f1xx_it.o
LOAD Core/Src/syscalls.o
LOAD Core/Src/sysmem.o
LOAD Core/Src/system_stm32f1xx.o
LOAD Core/Startup/startup_stm32f103c8tx.o
LOAD Drivers/STM32F1xx_HAL_Driver/Src/stm32f1xx_hal.o
LOAD Drivers/STM32F1xx_HAL_Driver/Src/stm32f1xx_hal_cortex.o
LOAD Drivers/STM32F1xx_HAL_Driver/Src/stm32f1xx_hal_dma.o
LOAD Drivers/STM32F1xx_HAL_Driver/Src/stm32f1xx_hal_exti.o
LOAD Drivers/STM32F1xx_HAL_Driver/Src/stm32f1xx_hal_flash.o
LOAD Drivers/STM32F1xx_HAL_Driver/Src/stm32f1xx_hal_flash_ex.o
LOAD Drivers/STM32F1xx_HAL_Driver/Src/stm32f1xx_hal_gpio.o
LOAD Drivers/STM32F1xx_HAL_Driver/Src/stm32f1xx_hal_gpio_ex.o
LOAD Drivers/STM32F1xx_HAL_Driver/Src/stm32f1xx_hal_i2c.o
LOAD Drivers/STM32F1xx_HAL_Driver/Src/stm32f1xx_hal_pcd.o
LOAD Drivers/STM32F1xx_HAL_Driver/Src/stm32f1xx_hal_pcd_ex.o
LOAD Drivers/STM32F1xx_HAL_Driver/Src/stm32f1xx_hal_pwr.o
LOAD Drivers/STM32F1xx_HAL_Driver/Src/stm32f1xx_hal_rcc.o
LOAD Drivers/STM32F1xx_HAL_Driver/Src/stm32f1xx_hal_rcc_ex.o
LOAD Drivers/STM32F1xx_HAL_Driver/Src/stm32f1xx_hal_tim.o
LOAD Drivers/STM32F1xx_HAL_Driver/Src/stm32f1xx_hal_tim_ex.o
LOAD Drivers/STM32F1xx_HAL_Driver/Src/stm32f1xx_hal_uart.o
LOAD Drivers/STM32F1xx_HAL_Driver/Src/stm32f1xx_ll_usb.o
LOAD Middlewares/ST/STM32_USB_Device_Library/Class/CDC/Src/usbd_cdc.o
LOAD Middlewares/ST/STM32_USB_Device_Library/Core/Src/usbd_core.o
LOAD Middlewares/ST/STM32_USB_Device_Library/Core/Src/usbd_ctlreq.o
LOAD Middlewares/ST/STM32_USB_Device_Library/Core/Src/usbd_ioreq.o
LOAD USB_DEVICE/App/usb_device.o
LOAD USB_DEVICE/App/usbd_cdc_if.o
LOAD USB_DEVICE/App/usbd_desc.o
LOAD USB_DEVICE/Target/usbd_conf.o
START GROUP
LOAD /Applications/STM32CubeIDE.app/Contents/Eclipse/plugins/com.st.stm32cube.ide.mcu.externaltools.gnu-tools-for-stm32.7-2018-q2-update.macos64_1.5.0.202011040924/tools/bin/../lib/gcc/arm-none-eabi/7.3.1/../../../../arm-none-eabi/lib/thumb/v7-m/libstdc++_nano.a
LOAD /Applications/STM32CubeIDE.app/Contents/Eclipse/plugins/com.st.stm32cube.ide.mcu.externaltools.gnu-tools-for-stm32.7-2018-q2-update.macos64_1.5.0.202011040924/tools/bin/../lib/gcc/arm-none-eabi/7.3.1/../../../../arm-none-eabi/lib/thumb/v7-m/libsupc++_nano.a
END GROUP
LOAD /Applications/STM32CubeIDE.app/Contents/Eclipse/plugins/com.st.stm32cube.ide.mcu.externaltools.gnu-tools-for-stm32.7-2018-q2-update.macos64_1.5.0.202011040924/tools/bin/../lib/gcc/arm-none-eabi/7.3.1/../../../../arm-none-eabi/lib/thumb/v7-m/libstdc++_nano.a
LOAD /Applications/STM32CubeIDE.app/Contents/Eclipse/plugins/com.st.stm32cube.ide.mcu.externaltools.gnu-tools-for-stm32.7-2018-q2-update.macos64_1.5.0.202011040924/tools/bin/../lib/gcc/arm-none-eabi/7.3.1/../../../../arm-none-eabi/lib/thumb/v7-m/libm.a
LOAD /Applications/STM32CubeIDE.app/Contents/Eclipse/plugins/com.st.stm32cube.ide.mcu.externaltools.gnu-tools-for-stm32.7-2018-q2-update.macos64_1.5.0.202011040924/tools/bin/../lib/gcc/arm-none-eabi/7.3.1/../../../../arm-none-eabi/lib/thumb/v7-m/libc_nano.a
START GROUP
LOAD /Applications/STM32CubeIDE.app/Contents/Eclipse/plugins/com.st.stm32cube.ide.mcu.externaltools.gnu-tools-for-stm32.7-2018-q2-update.macos64_1.5.0.202011040924/tools/bin/../lib/gcc/arm-none-eabi/7.3.1/thumb/v7-m/libgcc.a
LOAD /Applications/STM32CubeIDE.app/Contents/Eclipse/plugins/com.st.stm32cube.ide.mcu.externaltools.gnu-tools-for-stm32.7-2018-q2-update.macos64_1.5.0.202011040924/tools/bin/../lib/gcc/arm-none-eabi/7.3.1/../../../../arm-none-eabi/lib/thumb/v7-m/libc_nano.a
END GROUP
START GROUP
LOAD /Applications/STM32CubeIDE.app/Contents/Eclipse/plugins/com.st.stm32cube.ide.mcu.externaltools.gnu-tools-for-stm32.7-2018-q2-update.macos64_1.5.0.202011040924/tools/bin/../lib/gcc/arm-none-eabi/7.3.1/thumb/v7-m/libgcc.a
LOAD /Applications/STM32CubeIDE.app/Contents/Eclipse/plugins/com.st.stm32cube.ide.mcu.externaltools.gnu-tools-for-stm32.7-2018-q2-update.macos64_1.5.0.202011040924/tools/bin/../lib/gcc/arm-none-eabi/7.3.1/../../../../arm-none-eabi/lib/thumb/v7-m/libc_nano.a
LOAD /Applications/STM32CubeIDE.app/Contents/Eclipse/plugins/com.st.stm32cube.ide.mcu.externaltools.gnu-tools-for-stm32.7-2018-q2-update.macos64_1.5.0.202011040924/tools/bin/../lib/gcc/arm-none-eabi/7.3.1/../../../../arm-none-eabi/lib/thumb/v7-m/libnosys.a
END GROUP
START GROUP
LOAD /Applications/STM32CubeIDE.app/Contents/Eclipse/plugins/com.st.stm32cube.ide.mcu.externaltools.gnu-tools-for-stm32.7-2018-q2-update.macos64_1.5.0.202011040924/tools/bin/../lib/gcc/arm-none-eabi/7.3.1/thumb/v7-m/libgcc.a
LOAD /Applications/STM32CubeIDE.app/Contents/Eclipse/plugins/com.st.stm32cube.ide.mcu.externaltools.gnu-tools-for-stm32.7-2018-q2-update.macos64_1.5.0.202011040924/tools/bin/../lib/gcc/arm-none-eabi/7.3.1/../../../../arm-none-eabi/lib/thumb/v7-m/libc_nano.a
LOAD /Applications/STM32CubeIDE.app/Contents/Eclipse/plugins/com.st.stm32cube.ide.mcu.externaltools.gnu-tools-for-stm32.7-2018-q2-update.macos64_1.5.0.202011040924/tools/bin/../lib/gcc/arm-none-eabi/7.3.1/../../../../arm-none-eabi/lib/thumb/v7-m/libnosys.a
END GROUP
LOAD /Applications/STM32CubeIDE.app/Contents/Eclipse/plugins/com.st.stm32cube.ide.mcu.externaltools.gnu-tools-for-stm32.7-2018-q2-update.macos64_1.5.0.202011040924/tools/bin/../lib/gcc/arm-none-eabi/7.3.1/thumb/v7-m/crtend.o
LOAD /Applications/STM32CubeIDE.app/Contents/Eclipse/plugins/com.st.stm32cube.ide.mcu.externaltools.gnu-tools-for-stm32.7-2018-q2-update.macos64_1.5.0.202011040924/tools/bin/../lib/gcc/arm-none-eabi/7.3.1/thumb/v7-m/crtn.o
                0x0000000020005000                _estack = (ORIGIN (RAM) + LENGTH (RAM))
                0x0000000000000400                _Min_Heap_Size = 0x400
                0x0000000000000400                _Min_Stack_Size = 0x400

.isr_vector     0x0000000008000000      0x10c
                0x0000000008000000                . = ALIGN (0x4)
 *(.isr_vector)
 .isr_vector    0x0000000008000000      0x10c Core/Startup/startup_stm32f103c8tx.o
                0x0000000008000000                g_pfnVectors
                0x000000000800010c                . = ALIGN (0x4)

.text           0x0000000008000110     0x6f84
                0x0000000008000110                . = ALIGN (0x4)
 *(.text)
 .text          0x0000000008000110       0x40 /Applications/STM32CubeIDE.app/Contents/Eclipse/plugins/com.st.stm32cube.ide.mcu.externaltools.gnu-tools-for-stm32.7-2018-q2-update.macos64_1.5.0.202011040924/tools/bin/../lib/gcc/arm-none-eabi/7.3.1/thumb/v7-m/crtbegin.o
 .text          0x0000000008000150       0x10 /Applications/STM32CubeIDE.app/Contents/Eclipse/plugins/com.st.stm32cube.ide.mcu.externaltools.gnu-tools-for-stm32.7-2018-q2-update.macos64_1.5.0.202011040924/tools/bin/../lib/gcc/arm-none-eabi/7.3.1/../../../../arm-none-eabi/lib/thumb/v7-m/libc_nano.a(lib_a-strlen.o)
                0x0000000008000150                strlen
 .text          0x0000000008000160      0x378 /Applications/STM32CubeIDE.app/Contents/Eclipse/plugins/com.st.stm32cube.ide.mcu.externaltools.gnu-tools-for-stm32.7-2018-q2-update.macos64_1.5.0.202011040924/tools/bin/../lib/gcc/arm-none-eabi/7.3.1/thumb/v7-m/libgcc.a(_arm_addsubdf3.o)
                0x0000000008000160                __aeabi_drsub
                0x0000000008000168                __subdf3
                0x0000000008000168                __aeabi_dsub
                0x000000000800016c                __aeabi_dadd
                0x000000000800016c                __adddf3
                0x00000000080003e4                __aeabi_ui2d
                0x00000000080003e4                __floatunsidf
                0x0000000008000404                __floatsidf
                0x0000000008000404                __aeabi_i2d
                0x0000000008000428                __extendsfdf2
                0x0000000008000428                __aeabi_f2d
                0x000000000800046c                __aeabi_ul2d
                0x000000000800046c                __floatundidf
                0x000000000800047c                __aeabi_l2d
                0x000000000800047c                __floatdidf
 .text          0x00000000080004d8      0x424 /Applications/STM32CubeIDE.app/Contents/Eclipse/plugins/com.st.stm32cube.ide.mcu.externaltools.gnu-tools-for-stm32.7-2018-q2-update.macos64_1.5.0.202011040924/tools/bin/../lib/gcc/arm-none-eabi/7.3.1/thumb/v7-m/libgcc.a(_arm_muldivdf3.o)
                0x00000000080004d8                __aeabi_dmul
                0x00000000080004d8                __muldf3
                0x000000000800072c                __aeabi_ddiv
                0x000000000800072c                __divdf3
 .text          0x00000000080008fc      0x110 /Applications/STM32CubeIDE.app/Contents/Eclipse/plugins/com.st.stm32cube.ide.mcu.externaltools.gnu-tools-for-stm32.7-2018-q2-update.macos64_1.5.0.202011040924/tools/bin/../lib/gcc/arm-none-eabi/7.3.1/thumb/v7-m/libgcc.a(_arm_cmpdf2.o)
                0x00000000080008fc                __gedf2
                0x00000000080008fc                __gtdf2
                0x0000000008000904                __ledf2
                0x0000000008000904                __ltdf2
                0x000000000800090c                __cmpdf2
                0x000000000800090c                __eqdf2
                0x000000000800090c                __nedf2
                0x0000000008000988                __aeabi_cdrcmple
                0x0000000008000998                __aeabi_cdcmple
                0x0000000008000998                __aeabi_cdcmpeq
                0x00000000080009a8                __aeabi_dcmpeq
                0x00000000080009bc                __aeabi_dcmplt
                0x00000000080009d0                __aeabi_dcmple
                0x00000000080009e4                __aeabi_dcmpge
                0x00000000080009f8                __aeabi_dcmpgt
 .text          0x0000000008000a0c       0x2c /Applications/STM32CubeIDE.app/Contents/Eclipse/plugins/com.st.stm32cube.ide.mcu.externaltools.gnu-tools-for-stm32.7-2018-q2-update.macos64_1.5.0.202011040924/tools/bin/../lib/gcc/arm-none-eabi/7.3.1/thumb/v7-m/libgcc.a(_arm_unorddf2.o)
                0x0000000008000a0c                __aeabi_dcmpun
                0x0000000008000a0c                __unorddf2
 .text          0x0000000008000a38       0x50 /Applications/STM32CubeIDE.app/Contents/Eclipse/plugins/com.st.stm32cube.ide.mcu.externaltools.gnu-tools-for-stm32.7-2018-q2-update.macos64_1.5.0.202011040924/tools/bin/../lib/gcc/arm-none-eabi/7.3.1/thumb/v7-m/libgcc.a(_arm_fixdfsi.o)
                0x0000000008000a38                __fixdfsi
                0x0000000008000a38                __aeabi_d2iz
 .text          0x0000000008000a88       0x40 /Applications/STM32CubeIDE.app/Contents/Eclipse/plugins/com.st.stm32cube.ide.mcu.externaltools.gnu-tools-for-stm32.7-2018-q2-update.macos64_1.5.0.202011040924/tools/bin/../lib/gcc/arm-none-eabi/7.3.1/thumb/v7-m/libgcc.a(_arm_fixunsdfsi.o)
                0x0000000008000a88                __fixunsdfsi
                0x0000000008000a88                __aeabi_d2uiz
 .text          0x0000000008000ac8      0x2a0 /Applications/STM32CubeIDE.app/Contents/Eclipse/plugins/com.st.stm32cube.ide.mcu.externaltools.gnu-tools-for-stm32.7-2018-q2-update.macos64_1.5.0.202011040924/tools/bin/../lib/gcc/arm-none-eabi/7.3.1/thumb/v7-m/libgcc.a(_arm_muldivsf3.o)
                0x0000000008000ac8                __mulsf3
                0x0000000008000ac8                __aeabi_fmul
                0x0000000008000c30                __divsf3
                0x0000000008000c30                __aeabi_fdiv
 .text          0x0000000008000d68       0x40 /Applications/STM32CubeIDE.app/Contents/Eclipse/plugins/com.st.stm32cube.ide.mcu.externaltools.gnu-tools-for-stm32.7-2018-q2-update.macos64_1.5.0.202011040924/tools/bin/../lib/gcc/arm-none-eabi/7.3.1/thumb/v7-m/libgcc.a(_arm_fixunssfsi.o)
                0x0000000008000d68                __aeabi_f2uiz
                0x0000000008000d68                __fixunssfsi
 *(.text*)
 .text._ZN6INA226C2EP17I2C_HandleTypeDeft
                0x0000000008000da8        0x8 Core/Src/INA226.o
                0x0000000008000da8                INA226::INA226(I2C_HandleTypeDef*, unsigned short)
                0x0000000008000da8                INA226::INA226(I2C_HandleTypeDef*, unsigned short)
 .text._ZN6INA22614readRegister16Eh
                0x0000000008000db0       0x3c Core/Src/INA226.o
                0x0000000008000db0                INA226::readRegister16(unsigned char)
 .text._ZN6INA22612readBusPowerEv
                0x0000000008000dec       0x18 Core/Src/INA226.o
                0x0000000008000dec                INA226::readBusPower()
 .text._ZN6INA22616readShuntCurrentEv
                0x0000000008000e04       0x18 Core/Src/INA226.o
                0x0000000008000e04                INA226::readShuntCurrent()
 *fill*         0x0000000008000e1c        0x4 
 .text._ZN6INA22616readShuntVoltageEv
                0x0000000008000e20       0x20 Core/Src/INA226.o
                0x0000000008000e20                INA226::readShuntVoltage()
 .text._ZN6INA22614readBusVoltageEv
                0x0000000008000e40       0x20 Core/Src/INA226.o
                0x0000000008000e40                INA226::readBusVoltage()
 .text._ZN6INA22611readResLoadEv
                0x0000000008000e60       0x20 Core/Src/INA226.o
                0x0000000008000e60                INA226::readResLoad()
 .text._ZN6INA22615writeRegister16Eht
                0x0000000008000e80       0x28 Core/Src/INA226.o
                0x0000000008000e80                INA226::writeRegister16(unsigned char, unsigned short)
 .text._ZN6INA2269configureE17ina226_averages_t20ina226_busConvTime_t22ina226_shuntConvTime_t13ina226_mode_t
                0x0000000008000ea8       0x3c Core/Src/INA226.o
                0x0000000008000ea8                INA226::configure(ina226_averages_t, ina226_busConvTime_t, ina226_shuntConvTime_t, ina226_mode_t)
 *fill*         0x0000000008000ee4        0x4 
 .text._ZN6INA2269calibrateEff
                0x0000000008000ee8       0xb4 Core/Src/INA226.o
                0x0000000008000ee8                INA226::calibrate(float, float)
 .text._ZN5PrintC2Ev
                0x0000000008000f9c        0xc Core/Src/Print.o
                0x0000000008000f9c                Print::Print()
                0x0000000008000f9c                Print::Print()
 .text._ZN5Print5printEPKcz
                0x0000000008000fa8       0x2e Core/Src/Print.o
                0x0000000008000fa8                Print::print(char const*, ...)
 .text._ZN5Print5printEPh
                0x0000000008000fd6        0x6 Core/Src/Print.o
                0x0000000008000fd6                Print::print(unsigned char*)
 .text._ZN6Serial5writeEPh
                0x0000000008000fdc       0x1e Core/Src/Serial.o
                0x0000000008000fdc                Serial::write(unsigned char*)
 *fill*         0x0000000008000ffa        0x2 
 .text._ZN6SerialC2EP20__UART_HandleTypeDef
                0x0000000008000ffc       0x18 Core/Src/Serial.o
                0x0000000008000ffc                Serial::Serial(__UART_HandleTypeDef*)
                0x0000000008000ffc                Serial::Serial(__UART_HandleTypeDef*)
 .text._ZN3Usb5writeEPh
                0x0000000008001014       0x16 Core/Src/main.o
                0x0000000008001014                Usb::write(unsigned char*)
 *fill*         0x000000000800102a        0x2 
 .text._ZN3UsbC2Ev
                0x000000000800102c       0x14 Core/Src/main.o
                0x000000000800102c                Usb::Usb()
                0x000000000800102c                Usb::Usb()
 .text._Z18SystemClock_Configv
                0x0000000008001040       0x6e Core/Src/main.o
                0x0000000008001040                SystemClock_Config()
 *fill*         0x00000000080010ae        0x2 
 .text.startup.main
                0x00000000080010b0      0x224 Core/Src/main.o
                0x00000000080010b0                main
 .text.CDC_ReceiveCallBack
                0x00000000080012d4       0x24 Core/Src/main.o
                0x00000000080012d4                CDC_ReceiveCallBack
 .text.Error_Handler
                0x00000000080012f8        0x2 Core/Src/main.o
                0x00000000080012f8                Error_Handler
 *fill*         0x00000000080012fa        0x2 
 .text.startup._GLOBAL__sub_I_hi2c1
                0x00000000080012fc       0x34 Core/Src/main.o
 .text.HAL_MspInit
                0x0000000008001330       0x44 Core/Src/stm32f1xx_hal_msp.o
                0x0000000008001330                HAL_MspInit
 .text.HAL_I2C_MspInit
                0x0000000008001374       0x64 Core/Src/stm32f1xx_hal_msp.o
                0x0000000008001374                HAL_I2C_MspInit
 .text.HAL_UART_MspInit
                0x00000000080013d8       0x78 Core/Src/stm32f1xx_hal_msp.o
                0x00000000080013d8                HAL_UART_MspInit
 .text.NMI_Handler
                0x0000000008001450        0x2 Core/Src/stm32f1xx_it.o
                0x0000000008001450                NMI_Handler
 .text.HardFault_Handler
                0x0000000008001452        0x2 Core/Src/stm32f1xx_it.o
                0x0000000008001452                HardFault_Handler
 .text.MemManage_Handler
                0x0000000008001454        0x2 Core/Src/stm32f1xx_it.o
                0x0000000008001454                MemManage_Handler
 .text.BusFault_Handler
                0x0000000008001456        0x2 Core/Src/stm32f1xx_it.o
                0x0000000008001456                BusFault_Handler
 .text.UsageFault_Handler
                0x0000000008001458        0x2 Core/Src/stm32f1xx_it.o
                0x0000000008001458                UsageFault_Handler
 .text.SVC_Handler
                0x000000000800145a        0x2 Core/Src/stm32f1xx_it.o
                0x000000000800145a                SVC_Handler
 .text.DebugMon_Handler
                0x000000000800145c        0x2 Core/Src/stm32f1xx_it.o
                0x000000000800145c                DebugMon_Handler
 .text.PendSV_Handler
                0x000000000800145e        0x2 Core/Src/stm32f1xx_it.o
                0x000000000800145e                PendSV_Handler
 .text.SysTick_Handler
                0x0000000008001460        0x4 Core/Src/stm32f1xx_it.o
                0x0000000008001460                SysTick_Handler
 .text.USB_LP_CAN1_RX0_IRQHandler
                0x0000000008001464        0xc Core/Src/stm32f1xx_it.o
                0x0000000008001464                USB_LP_CAN1_RX0_IRQHandler
 .text.EXTI15_10_IRQHandler
                0x0000000008001470       0x16 Core/Src/stm32f1xx_it.o
                0x0000000008001470                EXTI15_10_IRQHandler
 .text._getpid  0x0000000008001486        0x4 Core/Src/syscalls.o
                0x0000000008001486                _getpid
 .text._kill    0x000000000800148a       0x10 Core/Src/syscalls.o
                0x000000000800148a                _kill
 .text._exit    0x000000000800149a        0xc Core/Src/syscalls.o
                0x000000000800149a                _exit
 *fill*         0x00000000080014a6        0x2 
 .text._sbrk    0x00000000080014a8       0x40 Core/Src/sysmem.o
                0x00000000080014a8                _sbrk
 .text.SystemInit
                0x00000000080014e8        0x2 Core/Src/system_stm32f1xx.o
                0x00000000080014e8                SystemInit
 *fill*         0x00000000080014ea        0x2 
 .text.Reset_Handler
                0x00000000080014ec       0x48 Core/Startup/startup_stm32f103c8tx.o
                0x00000000080014ec                Reset_Handler
 .text.Default_Handler
                0x0000000008001534        0x2 Core/Startup/startup_stm32f103c8tx.o
                0x0000000008001534                USBWakeUp_IRQHandler
                0x0000000008001534                EXTI2_IRQHandler
                0x0000000008001534                TIM1_CC_IRQHandler
                0x0000000008001534                PVD_IRQHandler
                0x0000000008001534                EXTI3_IRQHandler
                0x0000000008001534                EXTI0_IRQHandler
                0x0000000008001534                I2C2_EV_IRQHandler
                0x0000000008001534                ADC1_2_IRQHandler
                0x0000000008001534                SPI1_IRQHandler
                0x0000000008001534                TAMPER_IRQHandler
                0x0000000008001534                DMA1_Channel4_IRQHandler
                0x0000000008001534                USART3_IRQHandler
                0x0000000008001534                RTC_IRQHandler
                0x0000000008001534                DMA1_Channel7_IRQHandler
                0x0000000008001534                CAN1_RX1_IRQHandler
                0x0000000008001534                TIM4_IRQHandler
                0x0000000008001534                I2C1_EV_IRQHandler
                0x0000000008001534                DMA1_Channel6_IRQHandler
                0x0000000008001534                TIM3_IRQHandler
                0x0000000008001534                RCC_IRQHandler
                0x0000000008001534                TIM1_TRG_COM_IRQHandler
                0x0000000008001534                DMA1_Channel1_IRQHandler
                0x0000000008001534                Default_Handler
                0x0000000008001534                EXTI9_5_IRQHandler
                0x0000000008001534                SPI2_IRQHandler
                0x0000000008001534                DMA1_Channel5_IRQHandler
                0x0000000008001534                EXTI4_IRQHandler
                0x0000000008001534                USB_HP_CAN1_TX_IRQHandler
                0x0000000008001534                DMA1_Channel3_IRQHandler
                0x0000000008001534                TIM1_UP_IRQHandler
                0x0000000008001534                WWDG_IRQHandler
                0x0000000008001534                TIM2_IRQHandler
                0x0000000008001534                TIM1_BRK_IRQHandler
                0x0000000008001534                EXTI1_IRQHandler
                0x0000000008001534                USART2_IRQHandler
                0x0000000008001534                I2C2_ER_IRQHandler
                0x0000000008001534                DMA1_Channel2_IRQHandler
                0x0000000008001534                CAN1_SCE_IRQHandler
                0x0000000008001534                FLASH_IRQHandler
                0x0000000008001534                USART1_IRQHandler
                0x0000000008001534                I2C1_ER_IRQHandler
                0x0000000008001534                RTC_Alarm_IRQHandler
 *fill*         0x0000000008001536        0x2 
 .text.HAL_InitTick
                0x0000000008001538       0x48 Drivers/STM32F1xx_HAL_Driver/Src/stm32f1xx_hal.o
                0x0000000008001538                HAL_InitTick
 .text.HAL_Init
                0x0000000008001580       0x24 Drivers/STM32F1xx_HAL_Driver/Src/stm32f1xx_hal.o
                0x0000000008001580                HAL_Init
 .text.HAL_IncTick
                0x00000000080015a4       0x18 Drivers/STM32F1xx_HAL_Driver/Src/stm32f1xx_hal.o
                0x00000000080015a4                HAL_IncTick
 .text.HAL_GetTick
                0x00000000080015bc        0xc Drivers/STM32F1xx_HAL_Driver/Src/stm32f1xx_hal.o
                0x00000000080015bc                HAL_GetTick
 .text.HAL_Delay
                0x00000000080015c8       0x24 Drivers/STM32F1xx_HAL_Driver/Src/stm32f1xx_hal.o
                0x00000000080015c8                HAL_Delay
 .text.HAL_NVIC_SetPriorityGrouping
                0x00000000080015ec       0x24 Drivers/STM32F1xx_HAL_Driver/Src/stm32f1xx_hal_cortex.o
                0x00000000080015ec                HAL_NVIC_SetPriorityGrouping
 .text.HAL_NVIC_SetPriority
                0x0000000008001610       0x68 Drivers/STM32F1xx_HAL_Driver/Src/stm32f1xx_hal_cortex.o
                0x0000000008001610                HAL_NVIC_SetPriority
 .text.HAL_NVIC_EnableIRQ
                0x0000000008001678       0x1c Drivers/STM32F1xx_HAL_Driver/Src/stm32f1xx_hal_cortex.o
                0x0000000008001678                HAL_NVIC_EnableIRQ
 .text.HAL_SYSTICK_Config
                0x0000000008001694       0x2c Drivers/STM32F1xx_HAL_Driver/Src/stm32f1xx_hal_cortex.o
                0x0000000008001694                HAL_SYSTICK_Config
 .text.HAL_GPIO_Init
                0x00000000080016c0      0x1c0 Drivers/STM32F1xx_HAL_Driver/Src/stm32f1xx_hal_gpio.o
                0x00000000080016c0                HAL_GPIO_Init
 .text.HAL_GPIO_WritePin
                0x0000000008001880        0xa Drivers/STM32F1xx_HAL_Driver/Src/stm32f1xx_hal_gpio.o
                0x0000000008001880                HAL_GPIO_WritePin
 .text.HAL_GPIO_TogglePin
                0x000000000800188a       0x12 Drivers/STM32F1xx_HAL_Driver/Src/stm32f1xx_hal_gpio.o
                0x000000000800188a                HAL_GPIO_TogglePin
 .text.HAL_GPIO_EXTI_Callback
                0x000000000800189c        0x2 Drivers/STM32F1xx_HAL_Driver/Src/stm32f1xx_hal_gpio.o
                0x000000000800189c                HAL_GPIO_EXTI_Callback
 *fill*         0x000000000800189e        0x2 
 .text.HAL_GPIO_EXTI_IRQHandler
                0x00000000080018a0       0x18 Drivers/STM32F1xx_HAL_Driver/Src/stm32f1xx_hal_gpio.o
                0x00000000080018a0                HAL_GPIO_EXTI_IRQHandler
 .text.I2C_IsAcknowledgeFailed
                0x00000000080018b8       0x32 Drivers/STM32F1xx_HAL_Driver/Src/stm32f1xx_hal_i2c.o
 .text.I2C_WaitOnMasterAddressFlagUntilTimeout
                0x00000000080018ea       0x74 Drivers/STM32F1xx_HAL_Driver/Src/stm32f1xx_hal_i2c.o
 .text.I2C_WaitOnBTFFlagUntilTimeout
                0x000000000800195e       0x4c Drivers/STM32F1xx_HAL_Driver/Src/stm32f1xx_hal_i2c.o
 .text.I2C_WaitOnRXNEFlagUntilTimeout
                0x00000000080019aa       0x5e Drivers/STM32F1xx_HAL_Driver/Src/stm32f1xx_hal_i2c.o
 .text.I2C_WaitOnFlagUntilTimeout
                0x0000000008001a08       0x62 Drivers/STM32F1xx_HAL_Driver/Src/stm32f1xx_hal_i2c.o
 .text.I2C_WaitOnTXEFlagUntilTimeout
                0x0000000008001a6a       0x4c Drivers/STM32F1xx_HAL_Driver/Src/stm32f1xx_hal_i2c.o
 *fill*         0x0000000008001ab6        0x2 
 .text.HAL_I2C_Init
                0x0000000008001ab8      0x158 Drivers/STM32F1xx_HAL_Driver/Src/stm32f1xx_hal_i2c.o
                0x0000000008001ab8                HAL_I2C_Init
 .text.HAL_I2C_Master_Transmit
                0x0000000008001c10      0x1a8 Drivers/STM32F1xx_HAL_Driver/Src/stm32f1xx_hal_i2c.o
                0x0000000008001c10                HAL_I2C_Master_Transmit
 .text.HAL_I2C_Master_Receive
                0x0000000008001db8      0x33c Drivers/STM32F1xx_HAL_Driver/Src/stm32f1xx_hal_i2c.o
                0x0000000008001db8                HAL_I2C_Master_Receive
 .text.HAL_PCD_Init
                0x00000000080020f4       0xf0 Drivers/STM32F1xx_HAL_Driver/Src/stm32f1xx_hal_pcd.o
                0x00000000080020f4                HAL_PCD_Init
 .text.HAL_PCD_Start
                0x00000000080021e4       0x32 Drivers/STM32F1xx_HAL_Driver/Src/stm32f1xx_hal_pcd.o
                0x00000000080021e4                HAL_PCD_Start
 .text.HAL_PCD_SetAddress
                0x0000000008002216       0x28 Drivers/STM32F1xx_HAL_Driver/Src/stm32f1xx_hal_pcd.o
                0x0000000008002216                HAL_PCD_SetAddress
 *fill*         0x000000000800223e        0x2 
 .text.HAL_PCD_IRQHandler
                0x0000000008002240      0x844 Drivers/STM32F1xx_HAL_Driver/Src/stm32f1xx_hal_pcd.o
                0x0000000008002240                HAL_PCD_IRQHandler
 .text.HAL_PCD_EP_Open
                0x0000000008002a84       0x64 Drivers/STM32F1xx_HAL_Driver/Src/stm32f1xx_hal_pcd.o
                0x0000000008002a84                HAL_PCD_EP_Open
 .text.HAL_PCD_EP_Close
                0x0000000008002ae8       0x52 Drivers/STM32F1xx_HAL_Driver/Src/stm32f1xx_hal_pcd.o
                0x0000000008002ae8                HAL_PCD_EP_Close
 .text.HAL_PCD_EP_Receive
                0x0000000008002b3a       0x32 Drivers/STM32F1xx_HAL_Driver/Src/stm32f1xx_hal_pcd.o
                0x0000000008002b3a                HAL_PCD_EP_Receive
 .text.HAL_PCD_EP_GetRxCount
                0x0000000008002b6c       0x10 Drivers/STM32F1xx_HAL_Driver/Src/stm32f1xx_hal_pcd.o
                0x0000000008002b6c                HAL_PCD_EP_GetRxCount
 .text.HAL_PCD_EP_Transmit
                0x0000000008002b7c       0x34 Drivers/STM32F1xx_HAL_Driver/Src/stm32f1xx_hal_pcd.o
                0x0000000008002b7c                HAL_PCD_EP_Transmit
 .text.HAL_PCD_EP_SetStall
                0x0000000008002bb0       0x68 Drivers/STM32F1xx_HAL_Driver/Src/stm32f1xx_hal_pcd.o
                0x0000000008002bb0                HAL_PCD_EP_SetStall
 .text.HAL_PCD_EP_ClrStall
                0x0000000008002c18       0x64 Drivers/STM32F1xx_HAL_Driver/Src/stm32f1xx_hal_pcd.o
                0x0000000008002c18                HAL_PCD_EP_ClrStall
 .text.HAL_PCDEx_PMAConfig
                0x0000000008002c7c       0x36 Drivers/STM32F1xx_HAL_Driver/Src/stm32f1xx_hal_pcd_ex.o
                0x0000000008002c7c                HAL_PCDEx_PMAConfig
 *fill*         0x0000000008002cb2        0x2 
 .text.HAL_RCC_OscConfig
                0x0000000008002cb4      0x33c Drivers/STM32F1xx_HAL_Driver/Src/stm32f1xx_hal_rcc.o
                0x0000000008002cb4                HAL_RCC_OscConfig
 .text.HAL_RCC_GetSysClockFreq
                0x0000000008002ff0       0x74 Drivers/STM32F1xx_HAL_Driver/Src/stm32f1xx_hal_rcc.o
                0x0000000008002ff0                HAL_RCC_GetSysClockFreq
 .text.HAL_RCC_ClockConfig
                0x0000000008003064      0x138 Drivers/STM32F1xx_HAL_Driver/Src/stm32f1xx_hal_rcc.o
                0x0000000008003064                HAL_RCC_ClockConfig
 .text.HAL_RCC_GetPCLK1Freq
                0x000000000800319c       0x20 Drivers/STM32F1xx_HAL_Driver/Src/stm32f1xx_hal_rcc.o
                0x000000000800319c                HAL_RCC_GetPCLK1Freq
 .text.HAL_RCC_GetPCLK2Freq
                0x00000000080031bc       0x20 Drivers/STM32F1xx_HAL_Driver/Src/stm32f1xx_hal_rcc.o
                0x00000000080031bc                HAL_RCC_GetPCLK2Freq
 .text.HAL_RCCEx_PeriphCLKConfig
                0x00000000080031dc       0xf0 Drivers/STM32F1xx_HAL_Driver/Src/stm32f1xx_hal_rcc_ex.o
                0x00000000080031dc                HAL_RCCEx_PeriphCLKConfig
 .text.UART_SetConfig
                0x00000000080032cc       0x74 Drivers/STM32F1xx_HAL_Driver/Src/stm32f1xx_hal_uart.o
 .text.UART_WaitOnFlagUntilTimeout.constprop.3
                0x0000000008003340       0x50 Drivers/STM32F1xx_HAL_Driver/Src/stm32f1xx_hal_uart.o
 .text.HAL_UART_Init
                0x0000000008003390       0x5c Drivers/STM32F1xx_HAL_Driver/Src/stm32f1xx_hal_uart.o
                0x0000000008003390                HAL_UART_Init
 .text.HAL_UART_Transmit
                0x00000000080033ec       0xae Drivers/STM32F1xx_HAL_Driver/Src/stm32f1xx_hal_uart.o
                0x00000000080033ec                HAL_UART_Transmit
 .text.USB_CoreInit
                0x000000000800349a        0xe Drivers/STM32F1xx_HAL_Driver/Src/stm32f1xx_ll_usb.o
                0x000000000800349a                USB_CoreInit
 .text.USB_EnableGlobalInt
                0x00000000080034a8       0x12 Drivers/STM32F1xx_HAL_Driver/Src/stm32f1xx_ll_usb.o
                0x00000000080034a8                USB_EnableGlobalInt
 .text.USB_DisableGlobalInt
                0x00000000080034ba       0x14 Drivers/STM32F1xx_HAL_Driver/Src/stm32f1xx_ll_usb.o
                0x00000000080034ba                USB_DisableGlobalInt
 .text.USB_SetCurrentMode
                0x00000000080034ce        0x4 Drivers/STM32F1xx_HAL_Driver/Src/stm32f1xx_ll_usb.o
                0x00000000080034ce                USB_SetCurrentMode
 .text.USB_DevInit
                0x00000000080034d2       0x28 Drivers/STM32F1xx_HAL_Driver/Src/stm32f1xx_ll_usb.o
                0x00000000080034d2                USB_DevInit
 *fill*         0x00000000080034fa        0x2 
 .text.USB_ActivateEndpoint
                0x00000000080034fc      0x27c Drivers/STM32F1xx_HAL_Driver/Src/stm32f1xx_ll_usb.o
                0x00000000080034fc                USB_ActivateEndpoint
 .text.USB_DeactivateEndpoint
                0x0000000008003778      0x18c Drivers/STM32F1xx_HAL_Driver/Src/stm32f1xx_ll_usb.o
                0x0000000008003778                USB_DeactivateEndpoint
 .text.USB_EPSetStall
                0x0000000008003904       0x38 Drivers/STM32F1xx_HAL_Driver/Src/stm32f1xx_ll_usb.o
                0x0000000008003904                USB_EPSetStall
 .text.USB_EPClearStall
                0x000000000800393c       0x86 Drivers/STM32F1xx_HAL_Driver/Src/stm32f1xx_ll_usb.o
                0x000000000800393c                USB_EPClearStall
 .text.USB_SetDevAddress
                0x00000000080039c2        0xc Drivers/STM32F1xx_HAL_Driver/Src/stm32f1xx_ll_usb.o
                0x00000000080039c2                USB_SetDevAddress
 .text.USB_DevConnect
                0x00000000080039ce        0x4 Drivers/STM32F1xx_HAL_Driver/Src/stm32f1xx_ll_usb.o
                0x00000000080039ce                USB_DevConnect
 .text.USB_DevDisconnect
                0x00000000080039d2        0x4 Drivers/STM32F1xx_HAL_Driver/Src/stm32f1xx_ll_usb.o
                0x00000000080039d2                USB_DevDisconnect
 .text.USB_ReadInterrupts
                0x00000000080039d6        0x6 Drivers/STM32F1xx_HAL_Driver/Src/stm32f1xx_ll_usb.o
                0x00000000080039d6                USB_ReadInterrupts
 .text.USB_EP0_OutStart
                0x00000000080039dc        0x4 Drivers/STM32F1xx_HAL_Driver/Src/stm32f1xx_ll_usb.o
                0x00000000080039dc                USB_EP0_OutStart
 .text.USB_WritePMA
                0x00000000080039e0       0x20 Drivers/STM32F1xx_HAL_Driver/Src/stm32f1xx_ll_usb.o
                0x00000000080039e0                USB_WritePMA
 .text.USB_EPStartXfer
                0x0000000008003a00      0x558 Drivers/STM32F1xx_HAL_Driver/Src/stm32f1xx_ll_usb.o
                0x0000000008003a00                USB_EPStartXfer
 .text.USB_ReadPMA
                0x0000000008003f58       0x38 Drivers/STM32F1xx_HAL_Driver/Src/stm32f1xx_ll_usb.o
                0x0000000008003f58                USB_ReadPMA
 .text.USBD_CDC_EP0_RxReady
                0x0000000008003f90       0x28 Middlewares/ST/STM32_USB_Device_Library/Class/CDC/Src/usbd_cdc.o
 .text.USBD_CDC_GetFSCfgDesc
                0x0000000008003fb8        0xc Middlewares/ST/STM32_USB_Device_Library/Class/CDC/Src/usbd_cdc.o
 .text.USBD_CDC_GetHSCfgDesc
                0x0000000008003fc4        0xc Middlewares/ST/STM32_USB_Device_Library/Class/CDC/Src/usbd_cdc.o
 .text.USBD_CDC_GetOtherSpeedCfgDesc
                0x0000000008003fd0        0xc Middlewares/ST/STM32_USB_Device_Library/Class/CDC/Src/usbd_cdc.o
 .text.USBD_CDC_GetDeviceQualifierDescriptor
                0x0000000008003fdc        0xc Middlewares/ST/STM32_USB_Device_Library/Class/CDC/Src/usbd_cdc.o
                0x0000000008003fdc                USBD_CDC_GetDeviceQualifierDescriptor
 .text.USBD_CDC_DataOut
                0x0000000008003fe8       0x2e Middlewares/ST/STM32_USB_Device_Library/Class/CDC/Src/usbd_cdc.o
 .text.USBD_CDC_DataIn
                0x0000000008004016       0x42 Middlewares/ST/STM32_USB_Device_Library/Class/CDC/Src/usbd_cdc.o
 .text.USBD_CDC_Setup
                0x0000000008004058       0xbc Middlewares/ST/STM32_USB_Device_Library/Class/CDC/Src/usbd_cdc.o
 .text.USBD_CDC_DeInit
                0x0000000008004114       0x42 Middlewares/ST/STM32_USB_Device_Library/Class/CDC/Src/usbd_cdc.o
 .text.USBD_CDC_Init
                0x0000000008004156       0xa6 Middlewares/ST/STM32_USB_Device_Library/Class/CDC/Src/usbd_cdc.o
 .text.USBD_CDC_RegisterInterface
                0x00000000080041fc        0xe Middlewares/ST/STM32_USB_Device_Library/Class/CDC/Src/usbd_cdc.o
                0x00000000080041fc                USBD_CDC_RegisterInterface
 .text.USBD_CDC_SetTxBuffer
                0x000000000800420a       0x10 Middlewares/ST/STM32_USB_Device_Library/Class/CDC/Src/usbd_cdc.o
                0x000000000800420a                USBD_CDC_SetTxBuffer
 .text.USBD_CDC_SetRxBuffer
                0x000000000800421a        0xc Middlewares/ST/STM32_USB_Device_Library/Class/CDC/Src/usbd_cdc.o
                0x000000000800421a                USBD_CDC_SetRxBuffer
 .text.USBD_CDC_TransmitPacket
                0x0000000008004226       0x32 Middlewares/ST/STM32_USB_Device_Library/Class/CDC/Src/usbd_cdc.o
                0x0000000008004226                USBD_CDC_TransmitPacket
 .text.USBD_CDC_ReceivePacket
                0x0000000008004258       0x26 Middlewares/ST/STM32_USB_Device_Library/Class/CDC/Src/usbd_cdc.o
                0x0000000008004258                USBD_CDC_ReceivePacket
 .text.USBD_Init
                0x000000000800427e       0x2a Middlewares/ST/STM32_USB_Device_Library/Core/Src/usbd_core.o
                0x000000000800427e                USBD_Init
 .text.USBD_RegisterClass
                0x00000000080042a8        0xe Middlewares/ST/STM32_USB_Device_Library/Core/Src/usbd_core.o
                0x00000000080042a8                USBD_RegisterClass
 .text.USBD_Start
                0x00000000080042b6        0xa Middlewares/ST/STM32_USB_Device_Library/Core/Src/usbd_core.o
                0x00000000080042b6                USBD_Start
 .text.USBD_SetClassConfig
                0x00000000080042c0       0x16 Middlewares/ST/STM32_USB_Device_Library/Core/Src/usbd_core.o
                0x00000000080042c0                USBD_SetClassConfig
 .text.USBD_ClrClassConfig
                0x00000000080042d6        0xe Middlewares/ST/STM32_USB_Device_Library/Core/Src/usbd_core.o
                0x00000000080042d6                USBD_ClrClassConfig
 .text.USBD_LL_SetupStage
                0x00000000080042e4       0x5a Middlewares/ST/STM32_USB_Device_Library/Core/Src/usbd_core.o
                0x00000000080042e4                USBD_LL_SetupStage
 .text.USBD_LL_DataOutStage
                0x000000000800433e       0x74 Middlewares/ST/STM32_USB_Device_Library/Core/Src/usbd_core.o
                0x000000000800433e                USBD_LL_DataOutStage
 .text.USBD_LL_DataInStage
                0x00000000080043b2       0xb6 Middlewares/ST/STM32_USB_Device_Library/Core/Src/usbd_core.o
                0x00000000080043b2                USBD_LL_DataInStage
 .text.USBD_LL_Reset
                0x0000000008004468       0x4e Middlewares/ST/STM32_USB_Device_Library/Core/Src/usbd_core.o
                0x0000000008004468                USBD_LL_Reset
 .text.USBD_LL_SetSpeed
                0x00000000080044b6        0x6 Middlewares/ST/STM32_USB_Device_Library/Core/Src/usbd_core.o
                0x00000000080044b6                USBD_LL_SetSpeed
 .text.USBD_LL_Suspend
                0x00000000080044bc       0x12 Middlewares/ST/STM32_USB_Device_Library/Core/Src/usbd_core.o
                0x00000000080044bc                USBD_LL_Suspend
 .text.USBD_LL_Resume
                0x00000000080044ce       0x14 Middlewares/ST/STM32_USB_Device_Library/Core/Src/usbd_core.o
                0x00000000080044ce                USBD_LL_Resume
 .text.USBD_LL_SOF
                0x00000000080044e2       0x18 Middlewares/ST/STM32_USB_Device_Library/Core/Src/usbd_core.o
                0x00000000080044e2                USBD_LL_SOF
 .text.USBD_CtlError.constprop.1
                0x00000000080044fa       0x16 Middlewares/ST/STM32_USB_Device_Library/Core/Src/usbd_ctlreq.o
 .text.USBD_StdDevReq
                0x0000000008004510      0x248 Middlewares/ST/STM32_USB_Device_Library/Core/Src/usbd_ctlreq.o
                0x0000000008004510                USBD_StdDevReq
 .text.USBD_StdItfReq
                0x0000000008004758       0x4a Middlewares/ST/STM32_USB_Device_Library/Core/Src/usbd_ctlreq.o
                0x0000000008004758                USBD_StdItfReq
 .text.USBD_StdEPReq
                0x00000000080047a2      0x112 Middlewares/ST/STM32_USB_Device_Library/Core/Src/usbd_ctlreq.o
                0x00000000080047a2                USBD_StdEPReq
 .text.USBD_ParseSetupRequest
                0x00000000080048b4       0x28 Middlewares/ST/STM32_USB_Device_Library/Core/Src/usbd_ctlreq.o
                0x00000000080048b4                USBD_ParseSetupRequest
 .text.USBD_CtlError
                0x00000000080048dc       0x16 Middlewares/ST/STM32_USB_Device_Library/Core/Src/usbd_ctlreq.o
                0x00000000080048dc                USBD_CtlError
 .text.USBD_GetString
                0x00000000080048f2       0x38 Middlewares/ST/STM32_USB_Device_Library/Core/Src/usbd_ctlreq.o
                0x00000000080048f2                USBD_GetString
 .text.USBD_CtlSendData
                0x000000000800492a       0x1a Middlewares/ST/STM32_USB_Device_Library/Core/Src/usbd_ioreq.o
                0x000000000800492a                USBD_CtlSendData
 .text.USBD_CtlContinueSendData
                0x0000000008004944       0x10 Middlewares/ST/STM32_USB_Device_Library/Core/Src/usbd_ioreq.o
                0x0000000008004944                USBD_CtlContinueSendData
 .text.USBD_CtlPrepareRx
                0x0000000008004954       0x1e Middlewares/ST/STM32_USB_Device_Library/Core/Src/usbd_ioreq.o
                0x0000000008004954                USBD_CtlPrepareRx
 .text.USBD_CtlContinueRx
                0x0000000008004972       0x10 Middlewares/ST/STM32_USB_Device_Library/Core/Src/usbd_ioreq.o
                0x0000000008004972                USBD_CtlContinueRx
 .text.USBD_CtlSendStatus
                0x0000000008004982       0x16 Middlewares/ST/STM32_USB_Device_Library/Core/Src/usbd_ioreq.o
                0x0000000008004982                USBD_CtlSendStatus
 .text.USBD_CtlReceiveStatus
                0x0000000008004998       0x16 Middlewares/ST/STM32_USB_Device_Library/Core/Src/usbd_ioreq.o
                0x0000000008004998                USBD_CtlReceiveStatus
 *fill*         0x00000000080049ae        0x2 
 .text.MX_USB_DEVICE_Init
                0x00000000080049b0       0x50 USB_DEVICE/App/usb_device.o
                0x00000000080049b0                MX_USB_DEVICE_Init
 .text.CDC_DeInit_FS
                0x0000000008004a00        0x4 USB_DEVICE/App/usbd_cdc_if.o
 .text.CDC_Control_FS
                0x0000000008004a04        0x4 USB_DEVICE/App/usbd_cdc_if.o
 .text.CDC_Init_FS
                0x0000000008004a08       0x28 USB_DEVICE/App/usbd_cdc_if.o
 .text.CDC_Transmit_FS
                0x0000000008004a30       0x2c USB_DEVICE/App/usbd_cdc_if.o
                0x0000000008004a30                CDC_Transmit_FS
 .text.CDC_Receive_FS
                0x0000000008004a5c       0x28 USB_DEVICE/App/usbd_cdc_if.o
 .text.USBD_FS_DeviceDescriptor
                0x0000000008004a84        0xc USB_DEVICE/App/usbd_desc.o
                0x0000000008004a84                USBD_FS_DeviceDescriptor
 .text.USBD_FS_LangIDStrDescriptor
                0x0000000008004a90        0xc USB_DEVICE/App/usbd_desc.o
                0x0000000008004a90                USBD_FS_LangIDStrDescriptor
 .text.IntToUnicode
                0x0000000008004a9c       0x2a USB_DEVICE/App/usbd_desc.o
 *fill*         0x0000000008004ac6        0x2 
 .text.USBD_FS_SerialStrDescriptor
                0x0000000008004ac8       0x40 USB_DEVICE/App/usbd_desc.o
                0x0000000008004ac8                USBD_FS_SerialStrDescriptor
 .text.USBD_FS_ManufacturerStrDescriptor
                0x0000000008004b08       0x1c USB_DEVICE/App/usbd_desc.o
                0x0000000008004b08                USBD_FS_ManufacturerStrDescriptor
 .text.USBD_FS_ProductStrDescriptor
                0x0000000008004b24       0x1c USB_DEVICE/App/usbd_desc.o
                0x0000000008004b24                USBD_FS_ProductStrDescriptor
 .text.USBD_FS_ConfigStrDescriptor
                0x0000000008004b40       0x1c USB_DEVICE/App/usbd_desc.o
                0x0000000008004b40                USBD_FS_ConfigStrDescriptor
 .text.USBD_FS_InterfaceStrDescriptor
                0x0000000008004b5c       0x1c USB_DEVICE/App/usbd_desc.o
                0x0000000008004b5c                USBD_FS_InterfaceStrDescriptor
 .text.HAL_PCD_MspInit
                0x0000000008004b78       0x40 USB_DEVICE/Target/usbd_conf.o
                0x0000000008004b78                HAL_PCD_MspInit
 .text.HAL_PCD_SetupStageCallback
                0x0000000008004bb8        0xc USB_DEVICE/Target/usbd_conf.o
                0x0000000008004bb8                HAL_PCD_SetupStageCallback
 .text.HAL_PCD_DataOutStageCallback
                0x0000000008004bc4       0x12 USB_DEVICE/Target/usbd_conf.o
                0x0000000008004bc4                HAL_PCD_DataOutStageCallback
 .text.HAL_PCD_DataInStageCallback
                0x0000000008004bd6       0x10 USB_DEVICE/Target/usbd_conf.o
                0x0000000008004bd6                HAL_PCD_DataInStageCallback
 .text.HAL_PCD_SOFCallback
                0x0000000008004be6        0x8 USB_DEVICE/Target/usbd_conf.o
                0x0000000008004be6                HAL_PCD_SOFCallback
 .text.HAL_PCD_ResetCallback
                0x0000000008004bee       0x24 USB_DEVICE/Target/usbd_conf.o
                0x0000000008004bee                HAL_PCD_ResetCallback
 *fill*         0x0000000008004c12        0x2 
 .text.HAL_PCD_SuspendCallback
                0x0000000008004c14       0x20 USB_DEVICE/Target/usbd_conf.o
                0x0000000008004c14                HAL_PCD_SuspendCallback
 .text.HAL_PCD_ResumeCallback
                0x0000000008004c34        0x8 USB_DEVICE/Target/usbd_conf.o
                0x0000000008004c34                HAL_PCD_ResumeCallback
 .text.USBD_LL_Init
                0x0000000008004c3c       0x84 USB_DEVICE/Target/usbd_conf.o
                0x0000000008004c3c                USBD_LL_Init
 .text.USBD_LL_Start
                0x0000000008004cc0       0x1c USB_DEVICE/Target/usbd_conf.o
                0x0000000008004cc0                USBD_LL_Start
 .text.USBD_LL_OpenEP
                0x0000000008004cdc       0x20 USB_DEVICE/Target/usbd_conf.o
                0x0000000008004cdc                USBD_LL_OpenEP
 .text.USBD_LL_CloseEP
                0x0000000008004cfc       0x1c USB_DEVICE/Target/usbd_conf.o
                0x0000000008004cfc                USBD_LL_CloseEP
 .text.USBD_LL_StallEP
                0x0000000008004d18       0x1c USB_DEVICE/Target/usbd_conf.o
                0x0000000008004d18                USBD_LL_StallEP
 .text.USBD_LL_ClearStallEP
                0x0000000008004d34       0x1c USB_DEVICE/Target/usbd_conf.o
                0x0000000008004d34                USBD_LL_ClearStallEP
 .text.USBD_LL_IsStallEP
                0x0000000008004d50       0x24 USB_DEVICE/Target/usbd_conf.o
                0x0000000008004d50                USBD_LL_IsStallEP
 .text.USBD_LL_SetUSBAddress
                0x0000000008004d74       0x1c USB_DEVICE/Target/usbd_conf.o
                0x0000000008004d74                USBD_LL_SetUSBAddress
 .text.USBD_LL_Transmit
                0x0000000008004d90       0x1c USB_DEVICE/Target/usbd_conf.o
                0x0000000008004d90                USBD_LL_Transmit
 .text.USBD_LL_PrepareReceive
                0x0000000008004dac       0x1c USB_DEVICE/Target/usbd_conf.o
                0x0000000008004dac                USBD_LL_PrepareReceive
 .text.USBD_LL_GetRxDataSize
                0x0000000008004dc8        0x8 USB_DEVICE/Target/usbd_conf.o
                0x0000000008004dc8                USBD_LL_GetRxDataSize
 .text.USBD_static_malloc
                0x0000000008004dd0        0x8 USB_DEVICE/Target/usbd_conf.o
                0x0000000008004dd0                USBD_static_malloc
 .text.USBD_static_free
                0x0000000008004dd8        0x2 USB_DEVICE/Target/usbd_conf.o
                0x0000000008004dd8                USBD_static_free
 .text.HAL_PCDEx_SetConnectionState
                0x0000000008004dda        0x2 USB_DEVICE/Target/usbd_conf.o
                0x0000000008004dda                HAL_PCDEx_SetConnectionState
 .text.__cxa_pure_virtual
                0x0000000008004ddc        0x6 /Applications/STM32CubeIDE.app/Contents/Eclipse/plugins/com.st.stm32cube.ide.mcu.externaltools.gnu-tools-for-stm32.7-2018-q2-update.macos64_1.5.0.202011040924/tools/bin/../lib/gcc/arm-none-eabi/7.3.1/../../../../arm-none-eabi/lib/thumb/v7-m/libstdc++_nano.a(pure.o)
                0x0000000008004ddc                __cxa_pure_virtual
 .text._ZN10__cxxabiv111__terminateEPFvvE
                0x0000000008004de2        0x8 /Applications/STM32CubeIDE.app/Contents/Eclipse/plugins/com.st.stm32cube.ide.mcu.externaltools.gnu-tools-for-stm32.7-2018-q2-update.macos64_1.5.0.202011040924/tools/bin/../lib/gcc/arm-none-eabi/7.3.1/../../../../arm-none-eabi/lib/thumb/v7-m/libstdc++_nano.a(eh_terminate.o)
                0x0000000008004de2                __cxxabiv1::__terminate(void (*)())
 *fill*         0x0000000008004dea        0x2 
 .text._ZSt13get_terminatev
                0x0000000008004dec       0x10 /Applications/STM32CubeIDE.app/Contents/Eclipse/plugins/com.st.stm32cube.ide.mcu.externaltools.gnu-tools-for-stm32.7-2018-q2-update.macos64_1.5.0.202011040924/tools/bin/../lib/gcc/arm-none-eabi/7.3.1/../../../../arm-none-eabi/lib/thumb/v7-m/libstdc++_nano.a(eh_terminate.o)
                0x0000000008004dec                std::get_terminate()
 .text._ZSt9terminatev
                0x0000000008004dfc        0xa /Applications/STM32CubeIDE.app/Contents/Eclipse/plugins/com.st.stm32cube.ide.mcu.externaltools.gnu-tools-for-stm32.7-2018-q2-update.macos64_1.5.0.202011040924/tools/bin/../lib/gcc/arm-none-eabi/7.3.1/../../../../arm-none-eabi/lib/thumb/v7-m/libstdc++_nano.a(eh_terminate.o)
                0x0000000008004dfc                std::terminate()
 *fill*         0x0000000008004e06        0x2 
 .text.ceil     0x0000000008004e08      0x100 /Applications/STM32CubeIDE.app/Contents/Eclipse/plugins/com.st.stm32cube.ide.mcu.externaltools.gnu-tools-for-stm32.7-2018-q2-update.macos64_1.5.0.202011040924/tools/bin/../lib/gcc/arm-none-eabi/7.3.1/../../../../arm-none-eabi/lib/thumb/v7-m/libm.a(lib_a-s_ceil.o)
                0x0000000008004e08                ceil
 .text.abort    0x0000000008004f08        0xe /Applications/STM32CubeIDE.app/Contents/Eclipse/plugins/com.st.stm32cube.ide.mcu.externaltools.gnu-tools-for-stm32.7-2018-q2-update.macos64_1.5.0.202011040924/tools/bin/../lib/gcc/arm-none-eabi/7.3.1/../../../../arm-none-eabi/lib/thumb/v7-m/libc_nano.a(lib_a-abort.o)
                0x0000000008004f08                abort
 *fill*         0x0000000008004f16        0x2 
 .text.__errno  0x0000000008004f18        0xc /Applications/STM32CubeIDE.app/Contents/Eclipse/plugins/com.st.stm32cube.ide.mcu.externaltools.gnu-tools-for-stm32.7-2018-q2-update.macos64_1.5.0.202011040924/tools/bin/../lib/gcc/arm-none-eabi/7.3.1/../../../../arm-none-eabi/lib/thumb/v7-m/libc_nano.a(lib_a-errno.o)
                0x0000000008004f18                __errno
 .text.__libc_init_array
                0x0000000008004f24       0x48 /Applications/STM32CubeIDE.app/Contents/Eclipse/plugins/com.st.stm32cube.ide.mcu.externaltools.gnu-tools-for-stm32.7-2018-q2-update.macos64_1.5.0.202011040924/tools/bin/../lib/gcc/arm-none-eabi/7.3.1/../../../../arm-none-eabi/lib/thumb/v7-m/libc_nano.a(lib_a-init.o)
                0x0000000008004f24                __libc_init_array
 .text.memset   0x0000000008004f6c       0x10 /Applications/STM32CubeIDE.app/Contents/Eclipse/plugins/com.st.stm32cube.ide.mcu.externaltools.gnu-tools-for-stm32.7-2018-q2-update.macos64_1.5.0.202011040924/tools/bin/../lib/gcc/arm-none-eabi/7.3.1/../../../../arm-none-eabi/lib/thumb/v7-m/libc_nano.a(lib_a-memset.o)
                0x0000000008004f6c                memset
 .text.__cvt    0x0000000008004f7c       0xb8 /Applications/STM32CubeIDE.app/Contents/Eclipse/plugins/com.st.stm32cube.ide.mcu.externaltools.gnu-tools-for-stm32.7-2018-q2-update.macos64_1.5.0.202011040924/tools/bin/../lib/gcc/arm-none-eabi/7.3.1/../../../../arm-none-eabi/lib/thumb/v7-m/libc_nano.a(lib_a-nano-vfprintf_float.o)
                0x0000000008004f7c                __cvt
 .text.__exponent
                0x0000000008005034       0x6a /Applications/STM32CubeIDE.app/Contents/Eclipse/plugins/com.st.stm32cube.ide.mcu.externaltools.gnu-tools-for-stm32.7-2018-q2-update.macos64_1.5.0.202011040924/tools/bin/../lib/gcc/arm-none-eabi/7.3.1/../../../../arm-none-eabi/lib/thumb/v7-m/libc_nano.a(lib_a-nano-vfprintf_float.o)
                0x0000000008005034                __exponent
 *fill*         0x000000000800509e        0x2 
 .text._printf_float
                0x00000000080050a0      0x46c /Applications/STM32CubeIDE.app/Contents/Eclipse/plugins/com.st.stm32cube.ide.mcu.externaltools.gnu-tools-for-stm32.7-2018-q2-update.macos64_1.5.0.202011040924/tools/bin/../lib/gcc/arm-none-eabi/7.3.1/../../../../arm-none-eabi/lib/thumb/v7-m/libc_nano.a(lib_a-nano-vfprintf_float.o)
                0x00000000080050a0                _printf_float
 .text._printf_common
                0x000000000800550c       0xec /Applications/STM32CubeIDE.app/Contents/Eclipse/plugins/com.st.stm32cube.ide.mcu.externaltools.gnu-tools-for-stm32.7-2018-q2-update.macos64_1.5.0.202011040924/tools/bin/../lib/gcc/arm-none-eabi/7.3.1/../../../../arm-none-eabi/lib/thumb/v7-m/libc_nano.a(lib_a-nano-vfprintf_i.o)
                0x000000000800550c                _printf_common
 .text._printf_i
                0x00000000080055f8      0x224 /Applications/STM32CubeIDE.app/Contents/Eclipse/plugins/com.st.stm32cube.ide.mcu.externaltools.gnu-tools-for-stm32.7-2018-q2-update.macos64_1.5.0.202011040924/tools/bin/../lib/gcc/arm-none-eabi/7.3.1/../../../../arm-none-eabi/lib/thumb/v7-m/libc_nano.a(lib_a-nano-vfprintf_i.o)
                0x00000000080055f8                _printf_i
 .text._raise_r
                0x000000000800581c       0x50 /Applications/STM32CubeIDE.app/Contents/Eclipse/plugins/com.st.stm32cube.ide.mcu.externaltools.gnu-tools-for-stm32.7-2018-q2-update.macos64_1.5.0.202011040924/tools/bin/../lib/gcc/arm-none-eabi/7.3.1/../../../../arm-none-eabi/lib/thumb/v7-m/libc_nano.a(lib_a-signal.o)
                0x000000000800581c                _raise_r
 .text.raise    0x000000000800586c       0x10 /Applications/STM32CubeIDE.app/Contents/Eclipse/plugins/com.st.stm32cube.ide.mcu.externaltools.gnu-tools-for-stm32.7-2018-q2-update.macos64_1.5.0.202011040924/tools/bin/../lib/gcc/arm-none-eabi/7.3.1/../../../../arm-none-eabi/lib/thumb/v7-m/libc_nano.a(lib_a-signal.o)
                0x000000000800586c                raise
 .text._kill_r  0x000000000800587c       0x24 /Applications/STM32CubeIDE.app/Contents/Eclipse/plugins/com.st.stm32cube.ide.mcu.externaltools.gnu-tools-for-stm32.7-2018-q2-update.macos64_1.5.0.202011040924/tools/bin/../lib/gcc/arm-none-eabi/7.3.1/../../../../arm-none-eabi/lib/thumb/v7-m/libc_nano.a(lib_a-signalr.o)
                0x000000000800587c                _kill_r
 .text._getpid_r
                0x00000000080058a0        0x4 /Applications/STM32CubeIDE.app/Contents/Eclipse/plugins/com.st.stm32cube.ide.mcu.externaltools.gnu-tools-for-stm32.7-2018-q2-update.macos64_1.5.0.202011040924/tools/bin/../lib/gcc/arm-none-eabi/7.3.1/../../../../arm-none-eabi/lib/thumb/v7-m/libc_nano.a(lib_a-signalr.o)
                0x00000000080058a0                _getpid_r
 .text._vsprintf_r
                0x00000000080058a4       0x2c /Applications/STM32CubeIDE.app/Contents/Eclipse/plugins/com.st.stm32cube.ide.mcu.externaltools.gnu-tools-for-stm32.7-2018-q2-update.macos64_1.5.0.202011040924/tools/bin/../lib/gcc/arm-none-eabi/7.3.1/../../../../arm-none-eabi/lib/thumb/v7-m/libc_nano.a(lib_a-vsprintf.o)
                0x00000000080058a4                _vsiprintf_r
                0x00000000080058a4                _vsprintf_r
 .text.vsprintf
                0x00000000080058d0       0x14 /Applications/STM32CubeIDE.app/Contents/Eclipse/plugins/com.st.stm32cube.ide.mcu.externaltools.gnu-tools-for-stm32.7-2018-q2-update.macos64_1.5.0.202011040924/tools/bin/../lib/gcc/arm-none-eabi/7.3.1/../../../../arm-none-eabi/lib/thumb/v7-m/libc_nano.a(lib_a-vsprintf.o)
                0x00000000080058d0                vsprintf
                0x00000000080058d0                vsiprintf
 .text.quorem   0x00000000080058e4      0x11c /Applications/STM32CubeIDE.app/Contents/Eclipse/plugins/com.st.stm32cube.ide.mcu.externaltools.gnu-tools-for-stm32.7-2018-q2-update.macos64_1.5.0.202011040924/tools/bin/../lib/gcc/arm-none-eabi/7.3.1/../../../../arm-none-eabi/lib/thumb/v7-m/libc_nano.a(lib_a-dtoa.o)
 .text._dtoa_r  0x0000000008005a00      0xb68 /Applications/STM32CubeIDE.app/Contents/Eclipse/plugins/com.st.stm32cube.ide.mcu.externaltools.gnu-tools-for-stm32.7-2018-q2-update.macos64_1.5.0.202011040924/tools/bin/../lib/gcc/arm-none-eabi/7.3.1/../../../../arm-none-eabi/lib/thumb/v7-m/libc_nano.a(lib_a-dtoa.o)
                0x0000000008005a00                _dtoa_r
 .text._localeconv_r
                0x0000000008006568       0x1c /Applications/STM32CubeIDE.app/Contents/Eclipse/plugins/com.st.stm32cube.ide.mcu.externaltools.gnu-tools-for-stm32.7-2018-q2-update.macos64_1.5.0.202011040924/tools/bin/../lib/gcc/arm-none-eabi/7.3.1/../../../../arm-none-eabi/lib/thumb/v7-m/libc_nano.a(lib_a-localeconv.o)
                0x0000000008006568                _localeconv_r
 .text.malloc   0x0000000008006584       0x10 /Applications/STM32CubeIDE.app/Contents/Eclipse/plugins/com.st.stm32cube.ide.mcu.externaltools.gnu-tools-for-stm32.7-2018-q2-update.macos64_1.5.0.202011040924/tools/bin/../lib/gcc/arm-none-eabi/7.3.1/../../../../arm-none-eabi/lib/thumb/v7-m/libc_nano.a(lib_a-malloc.o)
                0x0000000008006584                malloc
 .text.memchr   0x0000000008006594       0x1c /Applications/STM32CubeIDE.app/Contents/Eclipse/plugins/com.st.stm32cube.ide.mcu.externaltools.gnu-tools-for-stm32.7-2018-q2-update.macos64_1.5.0.202011040924/tools/bin/../lib/gcc/arm-none-eabi/7.3.1/../../../../arm-none-eabi/lib/thumb/v7-m/libc_nano.a(lib_a-memchr-stub.o)
                0x0000000008006594                memchr
 .text.memcpy   0x00000000080065b0       0x16 /Applications/STM32CubeIDE.app/Contents/Eclipse/plugins/com.st.stm32cube.ide.mcu.externaltools.gnu-tools-for-stm32.7-2018-q2-update.macos64_1.5.0.202011040924/tools/bin/../lib/gcc/arm-none-eabi/7.3.1/../../../../arm-none-eabi/lib/thumb/v7-m/libc_nano.a(lib_a-memcpy-stub.o)
                0x00000000080065b0                memcpy
 .text._Balloc  0x00000000080065c6       0x68 /Applications/STM32CubeIDE.app/Contents/Eclipse/plugins/com.st.stm32cube.ide.mcu.externaltools.gnu-tools-for-stm32.7-2018-q2-update.macos64_1.5.0.202011040924/tools/bin/../lib/gcc/arm-none-eabi/7.3.1/../../../../arm-none-eabi/lib/thumb/v7-m/libc_nano.a(lib_a-mprec.o)
                0x00000000080065c6                _Balloc
 .text._Bfree   0x000000000800662e       0x2e /Applications/STM32CubeIDE.app/Contents/Eclipse/plugins/com.st.stm32cube.ide.mcu.externaltools.gnu-tools-for-stm32.7-2018-q2-update.macos64_1.5.0.202011040924/tools/bin/../lib/gcc/arm-none-eabi/7.3.1/../../../../arm-none-eabi/lib/thumb/v7-m/libc_nano.a(lib_a-mprec.o)
                0x000000000800662e                _Bfree
 .text.__multadd
                0x000000000800665c       0x76 /Applications/STM32CubeIDE.app/Contents/Eclipse/plugins/com.st.stm32cube.ide.mcu.externaltools.gnu-tools-for-stm32.7-2018-q2-update.macos64_1.5.0.202011040924/tools/bin/../lib/gcc/arm-none-eabi/7.3.1/../../../../arm-none-eabi/lib/thumb/v7-m/libc_nano.a(lib_a-mprec.o)
                0x000000000800665c                __multadd
 .text.__hi0bits
                0x00000000080066d2       0x3e /Applications/STM32CubeIDE.app/Contents/Eclipse/plugins/com.st.stm32cube.ide.mcu.externaltools.gnu-tools-for-stm32.7-2018-q2-update.macos64_1.5.0.202011040924/tools/bin/../lib/gcc/arm-none-eabi/7.3.1/../../../../arm-none-eabi/lib/thumb/v7-m/libc_nano.a(lib_a-mprec.o)
                0x00000000080066d2                __hi0bits
 .text.__lo0bits
                0x0000000008006710       0x5e /Applications/STM32CubeIDE.app/Contents/Eclipse/plugins/com.st.stm32cube.ide.mcu.externaltools.gnu-tools-for-stm32.7-2018-q2-update.macos64_1.5.0.202011040924/tools/bin/../lib/gcc/arm-none-eabi/7.3.1/../../../../arm-none-eabi/lib/thumb/v7-m/libc_nano.a(lib_a-mprec.o)
                0x0000000008006710                __lo0bits
 .text.__i2b    0x000000000800676e       0x12 /Applications/STM32CubeIDE.app/Contents/Eclipse/plugins/com.st.stm32cube.ide.mcu.externaltools.gnu-tools-for-stm32.7-2018-q2-update.macos64_1.5.0.202011040924/tools/bin/../lib/gcc/arm-none-eabi/7.3.1/../../../../arm-none-eabi/lib/thumb/v7-m/libc_nano.a(lib_a-mprec.o)
                0x000000000800676e                __i2b
 .text.__multiply
                0x0000000008006780      0x12a /Applications/STM32CubeIDE.app/Contents/Eclipse/plugins/com.st.stm32cube.ide.mcu.externaltools.gnu-tools-for-stm32.7-2018-q2-update.macos64_1.5.0.202011040924/tools/bin/../lib/gcc/arm-none-eabi/7.3.1/../../../../arm-none-eabi/lib/thumb/v7-m/libc_nano.a(lib_a-mprec.o)
                0x0000000008006780                __multiply
 *fill*         0x00000000080068aa        0x2 
 .text.__pow5mult
                0x00000000080068ac       0x9c /Applications/STM32CubeIDE.app/Contents/Eclipse/plugins/com.st.stm32cube.ide.mcu.externaltools.gnu-tools-for-stm32.7-2018-q2-update.macos64_1.5.0.202011040924/tools/bin/../lib/gcc/arm-none-eabi/7.3.1/../../../../arm-none-eabi/lib/thumb/v7-m/libc_nano.a(lib_a-mprec.o)
                0x00000000080068ac                __pow5mult
 .text.__lshift
                0x0000000008006948       0xa8 /Applications/STM32CubeIDE.app/Contents/Eclipse/plugins/com.st.stm32cube.ide.mcu.externaltools.gnu-tools-for-stm32.7-2018-q2-update.macos64_1.5.0.202011040924/tools/bin/../lib/gcc/arm-none-eabi/7.3.1/../../../../arm-none-eabi/lib/thumb/v7-m/libc_nano.a(lib_a-mprec.o)
                0x0000000008006948                __lshift
 .text.__mcmp   0x00000000080069f0       0x34 /Applications/STM32CubeIDE.app/Contents/Eclipse/plugins/com.st.stm32cube.ide.mcu.externaltools.gnu-tools-for-stm32.7-2018-q2-update.macos64_1.5.0.202011040924/tools/bin/../lib/gcc/arm-none-eabi/7.3.1/../../../../arm-none-eabi/lib/thumb/v7-m/libc_nano.a(lib_a-mprec.o)
                0x00000000080069f0                __mcmp
 .text.__mdiff  0x0000000008006a24       0xbc /Applications/STM32CubeIDE.app/Contents/Eclipse/plugins/com.st.stm32cube.ide.mcu.externaltools.gnu-tools-for-stm32.7-2018-q2-update.macos64_1.5.0.202011040924/tools/bin/../lib/gcc/arm-none-eabi/7.3.1/../../../../arm-none-eabi/lib/thumb/v7-m/libc_nano.a(lib_a-mprec.o)
                0x0000000008006a24                __mdiff
 .text.__d2b    0x0000000008006ae0       0x9e /Applications/STM32CubeIDE.app/Contents/Eclipse/plugins/com.st.stm32cube.ide.mcu.externaltools.gnu-tools-for-stm32.7-2018-q2-update.macos64_1.5.0.202011040924/tools/bin/../lib/gcc/arm-none-eabi/7.3.1/../../../../arm-none-eabi/lib/thumb/v7-m/libc_nano.a(lib_a-mprec.o)
                0x0000000008006ae0                __d2b
 .text._calloc_r
                0x0000000008006b7e       0x1c /Applications/STM32CubeIDE.app/Contents/Eclipse/plugins/com.st.stm32cube.ide.mcu.externaltools.gnu-tools-for-stm32.7-2018-q2-update.macos64_1.5.0.202011040924/tools/bin/../lib/gcc/arm-none-eabi/7.3.1/../../../../arm-none-eabi/lib/thumb/v7-m/libc_nano.a(lib_a-nano-callocr.o)
                0x0000000008006b7e                _calloc_r
 *fill*         0x0000000008006b9a        0x2 
 .text._free_r  0x0000000008006b9c       0x98 /Applications/STM32CubeIDE.app/Contents/Eclipse/plugins/com.st.stm32cube.ide.mcu.externaltools.gnu-tools-for-stm32.7-2018-q2-update.macos64_1.5.0.202011040924/tools/bin/../lib/gcc/arm-none-eabi/7.3.1/../../../../arm-none-eabi/lib/thumb/v7-m/libc_nano.a(lib_a-nano-freer.o)
                0x0000000008006b9c                _free_r
 .text._malloc_r
                0x0000000008006c34       0xb4 /Applications/STM32CubeIDE.app/Contents/Eclipse/plugins/com.st.stm32cube.ide.mcu.externaltools.gnu-tools-for-stm32.7-2018-q2-update.macos64_1.5.0.202011040924/tools/bin/../lib/gcc/arm-none-eabi/7.3.1/../../../../arm-none-eabi/lib/thumb/v7-m/libc_nano.a(lib_a-nano-mallocr.o)
                0x0000000008006c34                _malloc_r
 .text.__ssputs_r
                0x0000000008006ce8       0xb4 /Applications/STM32CubeIDE.app/Contents/Eclipse/plugins/com.st.stm32cube.ide.mcu.externaltools.gnu-tools-for-stm32.7-2018-q2-update.macos64_1.5.0.202011040924/tools/bin/../lib/gcc/arm-none-eabi/7.3.1/../../../../arm-none-eabi/lib/thumb/v7-m/libc_nano.a(lib_a-nano-svfprintf.o)
                0x0000000008006ce8                __ssputs_r
 .text._svfprintf_r
                0x0000000008006d9c      0x1f0 /Applications/STM32CubeIDE.app/Contents/Eclipse/plugins/com.st.stm32cube.ide.mcu.externaltools.gnu-tools-for-stm32.7-2018-q2-update.macos64_1.5.0.202011040924/tools/bin/../lib/gcc/arm-none-eabi/7.3.1/../../../../arm-none-eabi/lib/thumb/v7-m/libc_nano.a(lib_a-nano-svfprintf.o)
                0x0000000008006d9c                _svfprintf_r
                0x0000000008006d9c                _svfiprintf_r
 .text._sbrk_r  0x0000000008006f8c       0x20 /Applications/STM32CubeIDE.app/Contents/Eclipse/plugins/com.st.stm32cube.ide.mcu.externaltools.gnu-tools-for-stm32.7-2018-q2-update.macos64_1.5.0.202011040924/tools/bin/../lib/gcc/arm-none-eabi/7.3.1/../../../../arm-none-eabi/lib/thumb/v7-m/libc_nano.a(lib_a-sbrkr.o)
                0x0000000008006f8c                _sbrk_r
 .text.__ascii_mbtowc
                0x0000000008006fac       0x24 /Applications/STM32CubeIDE.app/Contents/Eclipse/plugins/com.st.stm32cube.ide.mcu.externaltools.gnu-tools-for-stm32.7-2018-q2-update.macos64_1.5.0.202011040924/tools/bin/../lib/gcc/arm-none-eabi/7.3.1/../../../../arm-none-eabi/lib/thumb/v7-m/libc_nano.a(lib_a-mbtowc_r.o)
                0x0000000008006fac                __ascii_mbtowc
 .text.memmove  0x0000000008006fd0       0x32 /Applications/STM32CubeIDE.app/Contents/Eclipse/plugins/com.st.stm32cube.ide.mcu.externaltools.gnu-tools-for-stm32.7-2018-q2-update.macos64_1.5.0.202011040924/tools/bin/../lib/gcc/arm-none-eabi/7.3.1/../../../../arm-none-eabi/lib/thumb/v7-m/libc_nano.a(lib_a-memmove.o)
                0x0000000008006fd0                memmove
 .text.__malloc_lock
                0x0000000008007002        0x2 /Applications/STM32CubeIDE.app/Contents/Eclipse/plugins/com.st.stm32cube.ide.mcu.externaltools.gnu-tools-for-stm32.7-2018-q2-update.macos64_1.5.0.202011040924/tools/bin/../lib/gcc/arm-none-eabi/7.3.1/../../../../arm-none-eabi/lib/thumb/v7-m/libc_nano.a(lib_a-mlock.o)
                0x0000000008007002                __malloc_lock
 .text.__malloc_unlock
                0x0000000008007004        0x2 /Applications/STM32CubeIDE.app/Contents/Eclipse/plugins/com.st.stm32cube.ide.mcu.externaltools.gnu-tools-for-stm32.7-2018-q2-update.macos64_1.5.0.202011040924/tools/bin/../lib/gcc/arm-none-eabi/7.3.1/../../../../arm-none-eabi/lib/thumb/v7-m/libc_nano.a(lib_a-mlock.o)
                0x0000000008007004                __malloc_unlock
 .text._realloc_r
                0x0000000008007006       0x4c /Applications/STM32CubeIDE.app/Contents/Eclipse/plugins/com.st.stm32cube.ide.mcu.externaltools.gnu-tools-for-stm32.7-2018-q2-update.macos64_1.5.0.202011040924/tools/bin/../lib/gcc/arm-none-eabi/7.3.1/../../../../arm-none-eabi/lib/thumb/v7-m/libc_nano.a(lib_a-nano-reallocr.o)
                0x0000000008007006                _realloc_r
 .text.__ascii_wctomb
                0x0000000008007052       0x1a /Applications/STM32CubeIDE.app/Contents/Eclipse/plugins/com.st.stm32cube.ide.mcu.externaltools.gnu-tools-for-stm32.7-2018-q2-update.macos64_1.5.0.202011040924/tools/bin/../lib/gcc/arm-none-eabi/7.3.1/../../../../arm-none-eabi/lib/thumb/v7-m/libc_nano.a(lib_a-wctomb_r.o)
                0x0000000008007052                __ascii_wctomb
 .text._malloc_usable_size_r
                0x000000000800706c       0x10 /Applications/STM32CubeIDE.app/Contents/Eclipse/plugins/com.st.stm32cube.ide.mcu.externaltools.gnu-tools-for-stm32.7-2018-q2-update.macos64_1.5.0.202011040924/tools/bin/../lib/gcc/arm-none-eabi/7.3.1/../../../../arm-none-eabi/lib/thumb/v7-m/libc_nano.a(lib_a-nano-msizer.o)
                0x000000000800706c                _malloc_usable_size_r
 *(.glue_7)
 .glue_7        0x000000000800707c        0x0 linker stubs
 *(.glue_7t)
 .glue_7t       0x000000000800707c        0x0 linker stubs
 *(.eh_frame)
 .eh_frame      0x000000000800707c        0x0 /Applications/STM32CubeIDE.app/Contents/Eclipse/plugins/com.st.stm32cube.ide.mcu.externaltools.gnu-tools-for-stm32.7-2018-q2-update.macos64_1.5.0.202011040924/tools/bin/../lib/gcc/arm-none-eabi/7.3.1/thumb/v7-m/crtbegin.o
 *(.init)
 .init          0x000000000800707c        0x4 /Applications/STM32CubeIDE.app/Contents/Eclipse/plugins/com.st.stm32cube.ide.mcu.externaltools.gnu-tools-for-stm32.7-2018-q2-update.macos64_1.5.0.202011040924/tools/bin/../lib/gcc/arm-none-eabi/7.3.1/thumb/v7-m/crti.o
                0x000000000800707c                _init
 .init          0x0000000008007080        0x8 /Applications/STM32CubeIDE.app/Contents/Eclipse/plugins/com.st.stm32cube.ide.mcu.externaltools.gnu-tools-for-stm32.7-2018-q2-update.macos64_1.5.0.202011040924/tools/bin/../lib/gcc/arm-none-eabi/7.3.1/thumb/v7-m/crtn.o
 *(.fini)
 .fini          0x0000000008007088        0x4 /Applications/STM32CubeIDE.app/Contents/Eclipse/plugins/com.st.stm32cube.ide.mcu.externaltools.gnu-tools-for-stm32.7-2018-q2-update.macos64_1.5.0.202011040924/tools/bin/../lib/gcc/arm-none-eabi/7.3.1/thumb/v7-m/crti.o
                0x0000000008007088                _fini
 .fini          0x000000000800708c        0x8 /Applications/STM32CubeIDE.app/Contents/Eclipse/plugins/com.st.stm32cube.ide.mcu.externaltools.gnu-tools-for-stm32.7-2018-q2-update.macos64_1.5.0.202011040924/tools/bin/../lib/gcc/arm-none-eabi/7.3.1/thumb/v7-m/crtn.o
                0x0000000008007094                . = ALIGN (0x4)
                0x0000000008007094                _etext = .

.vfp11_veneer   0x0000000008007094        0x0
 .vfp11_veneer  0x0000000008007094        0x0 linker stubs

.v4_bx          0x0000000008007094        0x0
 .v4_bx         0x0000000008007094        0x0 linker stubs

.iplt           0x0000000008007094        0x0
 .iplt          0x0000000008007094        0x0 /Applications/STM32CubeIDE.app/Contents/Eclipse/plugins/com.st.stm32cube.ide.mcu.externaltools.gnu-tools-for-stm32.7-2018-q2-update.macos64_1.5.0.202011040924/tools/bin/../lib/gcc/arm-none-eabi/7.3.1/thumb/v7-m/crtbegin.o

.rodata         0x0000000008007098      0x368
                0x0000000008007098                . = ALIGN (0x4)
 *(.rodata)
 .rodata        0x0000000008007098       0x10 Drivers/STM32F1xx_HAL_Driver/Src/stm32f1xx_hal_rcc.o
 *(.rodata*)
 .rodata._ZTV5Print
                0x00000000080070a8        0xc Core/Src/Print.o
                0x00000000080070a8                vtable for Print
 .rodata._ZTV6Serial
                0x00000000080070b4        0xc Core/Src/Serial.o
                0x00000000080070b4                vtable for Serial
 .rodata._ZTV3Usb
                0x00000000080070c0        0xc Core/Src/main.o
                0x00000000080070c0                vtable for Usb
 .rodata.main.str1.1
                0x00000000080070cc       0x7b Core/Src/main.o
 .rodata.AHBPrescTable
                0x0000000008007147       0x10 Core/Src/system_stm32f1xx.o
                0x0000000008007147                AHBPrescTable
 .rodata.APBPrescTable
                0x0000000008007157        0x8 Core/Src/system_stm32f1xx.o
                0x0000000008007157                APBPrescTable
 .rodata.USBD_FS_ConfigStrDescriptor.str1.1
                0x000000000800715f        0xb USB_DEVICE/App/usbd_desc.o
 .rodata.USBD_FS_InterfaceStrDescriptor.str1.1
                0x000000000800716a        0xe USB_DEVICE/App/usbd_desc.o
 .rodata.USBD_FS_ManufacturerStrDescriptor.str1.1
                0x0000000008007178       0x13 USB_DEVICE/App/usbd_desc.o
 .rodata.USBD_FS_ProductStrDescriptor.str1.1
                0x000000000800718b       0x16 USB_DEVICE/App/usbd_desc.o
 .rodata.CSWTCH.3
                0x00000000080071a1        0x4 USB_DEVICE/Target/usbd_conf.o
 .rodata._printf_float.str1.1
                0x00000000080071a5       0x12 /Applications/STM32CubeIDE.app/Contents/Eclipse/plugins/com.st.stm32cube.ide.mcu.externaltools.gnu-tools-for-stm32.7-2018-q2-update.macos64_1.5.0.202011040924/tools/bin/../lib/gcc/arm-none-eabi/7.3.1/../../../../arm-none-eabi/lib/thumb/v7-m/libc_nano.a(lib_a-nano-vfprintf_float.o)
 .rodata._printf_i.str1.1
                0x00000000080071b7       0x22 /Applications/STM32CubeIDE.app/Contents/Eclipse/plugins/com.st.stm32cube.ide.mcu.externaltools.gnu-tools-for-stm32.7-2018-q2-update.macos64_1.5.0.202011040924/tools/bin/../lib/gcc/arm-none-eabi/7.3.1/../../../../arm-none-eabi/lib/thumb/v7-m/libc_nano.a(lib_a-nano-vfprintf_i.o)
 .rodata._dtoa_r.str1.1
                0x00000000080071d9        0xd /Applications/STM32CubeIDE.app/Contents/Eclipse/plugins/com.st.stm32cube.ide.mcu.externaltools.gnu-tools-for-stm32.7-2018-q2-update.macos64_1.5.0.202011040924/tools/bin/../lib/gcc/arm-none-eabi/7.3.1/../../../../arm-none-eabi/lib/thumb/v7-m/libc_nano.a(lib_a-dtoa.o)
                                          0xf (size before relaxing)
 *fill*         0x00000000080071e6        0x2 
 .rodata.__mprec_bigtens
                0x00000000080071e8       0x28 /Applications/STM32CubeIDE.app/Contents/Eclipse/plugins/com.st.stm32cube.ide.mcu.externaltools.gnu-tools-for-stm32.7-2018-q2-update.macos64_1.5.0.202011040924/tools/bin/../lib/gcc/arm-none-eabi/7.3.1/../../../../arm-none-eabi/lib/thumb/v7-m/libc_nano.a(lib_a-mprec.o)
                0x00000000080071e8                __mprec_bigtens
 .rodata.__mprec_tens
                0x0000000008007210       0xc8 /Applications/STM32CubeIDE.app/Contents/Eclipse/plugins/com.st.stm32cube.ide.mcu.externaltools.gnu-tools-for-stm32.7-2018-q2-update.macos64_1.5.0.202011040924/tools/bin/../lib/gcc/arm-none-eabi/7.3.1/../../../../arm-none-eabi/lib/thumb/v7-m/libc_nano.a(lib_a-mprec.o)
                0x0000000008007210                __mprec_tens
 .rodata.p05.6084
                0x00000000080072d8        0xc /Applications/STM32CubeIDE.app/Contents/Eclipse/plugins/com.st.stm32cube.ide.mcu.externaltools.gnu-tools-for-stm32.7-2018-q2-update.macos64_1.5.0.202011040924/tools/bin/../lib/gcc/arm-none-eabi/7.3.1/../../../../arm-none-eabi/lib/thumb/v7-m/libc_nano.a(lib_a-mprec.o)
 .rodata._svfprintf_r.str1.1
                0x00000000080072e4       0x11 /Applications/STM32CubeIDE.app/Contents/Eclipse/plugins/com.st.stm32cube.ide.mcu.externaltools.gnu-tools-for-stm32.7-2018-q2-update.macos64_1.5.0.202011040924/tools/bin/../lib/gcc/arm-none-eabi/7.3.1/../../../../arm-none-eabi/lib/thumb/v7-m/libc_nano.a(lib_a-nano-svfprintf.o)
 .rodata._setlocale_r.str1.1
                0x00000000080072f5        0x8 /Applications/STM32CubeIDE.app/Contents/Eclipse/plugins/com.st.stm32cube.ide.mcu.externaltools.gnu-tools-for-stm32.7-2018-q2-update.macos64_1.5.0.202011040924/tools/bin/../lib/gcc/arm-none-eabi/7.3.1/../../../../arm-none-eabi/lib/thumb/v7-m/libc_nano.a(lib_a-locale.o)
                                          0x9 (size before relaxing)
 .rodata.str1.1
                0x00000000080072fd        0x2 /Applications/STM32CubeIDE.app/Contents/Eclipse/plugins/com.st.stm32cube.ide.mcu.externaltools.gnu-tools-for-stm32.7-2018-q2-update.macos64_1.5.0.202011040924/tools/bin/../lib/gcc/arm-none-eabi/7.3.1/../../../../arm-none-eabi/lib/thumb/v7-m/libc_nano.a(lib_a-locale.o)
 .rodata._ctype_
                0x00000000080072ff      0x101 /Applications/STM32CubeIDE.app/Contents/Eclipse/plugins/com.st.stm32cube.ide.mcu.externaltools.gnu-tools-for-stm32.7-2018-q2-update.macos64_1.5.0.202011040924/tools/bin/../lib/gcc/arm-none-eabi/7.3.1/../../../../arm-none-eabi/lib/thumb/v7-m/libc_nano.a(lib_a-ctype_.o)
                0x00000000080072ff                _ctype_
                0x0000000008007400                . = ALIGN (0x4)

.rel.dyn        0x0000000008007400        0x0
 .rel.iplt      0x0000000008007400        0x0 /Applications/STM32CubeIDE.app/Contents/Eclipse/plugins/com.st.stm32cube.ide.mcu.externaltools.gnu-tools-for-stm32.7-2018-q2-update.macos64_1.5.0.202011040924/tools/bin/../lib/gcc/arm-none-eabi/7.3.1/thumb/v7-m/crtbegin.o

.ARM.extab      0x0000000008007400        0x0
                0x0000000008007400                . = ALIGN (0x4)
 *(.ARM.extab* .gnu.linkonce.armextab.*)
                0x0000000008007400                . = ALIGN (0x4)

.ARM            0x0000000008007400        0x0
                0x0000000008007400                . = ALIGN (0x4)
                0x0000000008007400                __exidx_start = .
 *(.ARM.exidx*)
                0x0000000008007400                __exidx_end = .
                0x0000000008007400                . = ALIGN (0x4)

.preinit_array  0x0000000008007400        0x0
                0x0000000008007400                . = ALIGN (0x4)
                0x0000000008007400                PROVIDE (__preinit_array_start = .)
 *(.preinit_array*)
                0x0000000008007400                PROVIDE (__preinit_array_end = .)
                0x0000000008007400                . = ALIGN (0x4)

.init_array     0x0000000008007400        0x8
                0x0000000008007400                . = ALIGN (0x4)
                0x0000000008007400                PROVIDE (__init_array_start = .)
 *(SORT_BY_NAME(.init_array.*))
 *(.init_array*)
 .init_array    0x0000000008007400        0x4 /Applications/STM32CubeIDE.app/Contents/Eclipse/plugins/com.st.stm32cube.ide.mcu.externaltools.gnu-tools-for-stm32.7-2018-q2-update.macos64_1.5.0.202011040924/tools/bin/../lib/gcc/arm-none-eabi/7.3.1/thumb/v7-m/crtbegin.o
 .init_array    0x0000000008007404        0x4 Core/Src/main.o
                0x0000000008007408                PROVIDE (__init_array_end = .)
                0x0000000008007408                . = ALIGN (0x4)

.fini_array     0x0000000008007408        0x4
                0x0000000008007408                . = ALIGN (0x4)
                [!provide]                        PROVIDE (__fini_array_start = .)
 *(SORT_BY_NAME(.fini_array.*))
 *(.fini_array*)
 .fini_array    0x0000000008007408        0x4 /Applications/STM32CubeIDE.app/Contents/Eclipse/plugins/com.st.stm32cube.ide.mcu.externaltools.gnu-tools-for-stm32.7-2018-q2-update.macos64_1.5.0.202011040924/tools/bin/../lib/gcc/arm-none-eabi/7.3.1/thumb/v7-m/crtbegin.o
                [!provide]                        PROVIDE (__fini_array_end = .)
                0x000000000800740c                . = ALIGN (0x4)
                0x000000000800740c                _sidata = LOADADDR (.data)

.data           0x0000000020000000      0x350 load address 0x000000000800740c
                0x0000000020000000                . = ALIGN (0x4)
                0x0000000020000000                _sdata = .
 *(.data)
 *(.data*)
 .data.SystemCoreClock
                0x0000000020000000        0x4 Core/Src/system_stm32f1xx.o
                0x0000000020000000                SystemCoreClock
 .data.uwTickFreq
                0x0000000020000004        0x1 Drivers/STM32F1xx_HAL_Driver/Src/stm32f1xx_hal.o
                0x0000000020000004                uwTickFreq
 *fill*         0x0000000020000005        0x3 
 .data.uwTickPrio
                0x0000000020000008        0x4 Drivers/STM32F1xx_HAL_Driver/Src/stm32f1xx_hal.o
                0x0000000020000008                uwTickPrio
 .data.USBD_CDC
                0x000000002000000c       0x38 Middlewares/ST/STM32_USB_Device_Library/Class/CDC/Src/usbd_cdc.o
                0x000000002000000c                USBD_CDC
 .data.USBD_CDC_CfgFSDesc
                0x0000000020000044       0x43 Middlewares/ST/STM32_USB_Device_Library/Class/CDC/Src/usbd_cdc.o
                0x0000000020000044                USBD_CDC_CfgFSDesc
 *fill*         0x0000000020000087        0x1 
 .data.USBD_CDC_CfgHSDesc
                0x0000000020000088       0x43 Middlewares/ST/STM32_USB_Device_Library/Class/CDC/Src/usbd_cdc.o
                0x0000000020000088                USBD_CDC_CfgHSDesc
 *fill*         0x00000000200000cb        0x1 
 .data.USBD_CDC_DeviceQualifierDesc
                0x00000000200000cc        0xa Middlewares/ST/STM32_USB_Device_Library/Class/CDC/Src/usbd_cdc.o
 *fill*         0x00000000200000d6        0x2 
 .data.USBD_CDC_OtherSpeedCfgDesc
                0x00000000200000d8       0x43 Middlewares/ST/STM32_USB_Device_Library/Class/CDC/Src/usbd_cdc.o
                0x00000000200000d8                USBD_CDC_OtherSpeedCfgDesc
 *fill*         0x000000002000011b        0x1 
 .data.USBD_Interface_fops_FS
                0x000000002000011c       0x10 USB_DEVICE/App/usbd_cdc_if.o
                0x000000002000011c                USBD_Interface_fops_FS
 .data.FS_Desc  0x000000002000012c       0x1c USB_DEVICE/App/usbd_desc.o
                0x000000002000012c                FS_Desc
 .data.USBD_FS_DeviceDesc
                0x0000000020000148       0x12 USB_DEVICE/App/usbd_desc.o
                0x0000000020000148                USBD_FS_DeviceDesc
 *fill*         0x000000002000015a        0x2 
 .data.USBD_LangIDDesc
                0x000000002000015c        0x4 USB_DEVICE/App/usbd_desc.o
                0x000000002000015c                USBD_LangIDDesc
 .data.USBD_StringSerial
                0x0000000020000160       0x1a USB_DEVICE/App/usbd_desc.o
                0x0000000020000160                USBD_StringSerial
 *fill*         0x000000002000017a        0x2 
 .data._ZN10__cxxabiv119__terminate_handlerE
                0x000000002000017c        0x4 /Applications/STM32CubeIDE.app/Contents/Eclipse/plugins/com.st.stm32cube.ide.mcu.externaltools.gnu-tools-for-stm32.7-2018-q2-update.macos64_1.5.0.202011040924/tools/bin/../lib/gcc/arm-none-eabi/7.3.1/../../../../arm-none-eabi/lib/thumb/v7-m/libstdc++_nano.a(eh_term_handler.o)
                0x000000002000017c                __cxxabiv1::__terminate_handler
 .data._impure_ptr
                0x0000000020000180        0x4 /Applications/STM32CubeIDE.app/Contents/Eclipse/plugins/com.st.stm32cube.ide.mcu.externaltools.gnu-tools-for-stm32.7-2018-q2-update.macos64_1.5.0.202011040924/tools/bin/../lib/gcc/arm-none-eabi/7.3.1/../../../../arm-none-eabi/lib/thumb/v7-m/libc_nano.a(lib_a-impure.o)
                0x0000000020000180                _impure_ptr
 .data.impure_data
                0x0000000020000184       0x60 /Applications/STM32CubeIDE.app/Contents/Eclipse/plugins/com.st.stm32cube.ide.mcu.externaltools.gnu-tools-for-stm32.7-2018-q2-update.macos64_1.5.0.202011040924/tools/bin/../lib/gcc/arm-none-eabi/7.3.1/../../../../arm-none-eabi/lib/thumb/v7-m/libc_nano.a(lib_a-impure.o)
 .data.__global_locale
                0x00000000200001e4      0x16c /Applications/STM32CubeIDE.app/Contents/Eclipse/plugins/com.st.stm32cube.ide.mcu.externaltools.gnu-tools-for-stm32.7-2018-q2-update.macos64_1.5.0.202011040924/tools/bin/../lib/gcc/arm-none-eabi/7.3.1/../../../../arm-none-eabi/lib/thumb/v7-m/libc_nano.a(lib_a-locale.o)
                0x00000000200001e4                __global_locale
                0x0000000020000350                . = ALIGN (0x4)
                0x0000000020000350                _edata = .

.igot.plt       0x0000000020000350        0x0 load address 0x000000000800775c
 .igot.plt      0x0000000020000350        0x0 /Applications/STM32CubeIDE.app/Contents/Eclipse/plugins/com.st.stm32cube.ide.mcu.externaltools.gnu-tools-for-stm32.7-2018-q2-update.macos64_1.5.0.202011040924/tools/bin/../lib/gcc/arm-none-eabi/7.3.1/thumb/v7-m/crtbegin.o
                0x0000000020000350                . = ALIGN (0x4)

.bss            0x0000000020000350     0x12a8 load address 0x000000000800775c
                0x0000000020000350                _sbss = .
                0x0000000020000350                __bss_start__ = _sbss
 *(.bss)
 .bss           0x0000000020000350       0x1c /Applications/STM32CubeIDE.app/Contents/Eclipse/plugins/com.st.stm32cube.ide.mcu.externaltools.gnu-tools-for-stm32.7-2018-q2-update.macos64_1.5.0.202011040924/tools/bin/../lib/gcc/arm-none-eabi/7.3.1/thumb/v7-m/crtbegin.o
 *(.bss*)
 .bss.hi2c1     0x000000002000036c       0x54 Core/Src/main.o
                0x000000002000036c                hi2c1
 .bss.huart1    0x00000000200003c0       0x40 Core/Src/main.o
                0x00000000200003c0                huart1
 .bss.ina       0x0000000020000400       0x30 Core/Src/main.o
                0x0000000020000400                ina
 .bss.serial    0x0000000020000430        0xc Core/Src/main.o
                0x0000000020000430                serial
 .bss.usb       0x000000002000043c        0x4 Core/Src/main.o
                0x000000002000043c                usb
 .bss.__sbrk_heap_end
                0x0000000020000440        0x4 Core/Src/sysmem.o
 .bss.cfgidx.8003
                0x0000000020000444        0x1 Middlewares/ST/STM32_USB_Device_Library/Core/Src/usbd_ctlreq.o
 *fill*         0x0000000020000445        0x3 
 .bss.mem.8071  0x0000000020000448      0x220 USB_DEVICE/Target/usbd_conf.o
 .bss.__malloc_free_list
                0x0000000020000668        0x4 /Applications/STM32CubeIDE.app/Contents/Eclipse/plugins/com.st.stm32cube.ide.mcu.externaltools.gnu-tools-for-stm32.7-2018-q2-update.macos64_1.5.0.202011040924/tools/bin/../lib/gcc/arm-none-eabi/7.3.1/../../../../arm-none-eabi/lib/thumb/v7-m/libc_nano.a(lib_a-nano-mallocr.o)
                0x0000000020000668                __malloc_free_list
 .bss.__malloc_sbrk_start
                0x000000002000066c        0x4 /Applications/STM32CubeIDE.app/Contents/Eclipse/plugins/com.st.stm32cube.ide.mcu.externaltools.gnu-tools-for-stm32.7-2018-q2-update.macos64_1.5.0.202011040924/tools/bin/../lib/gcc/arm-none-eabi/7.3.1/../../../../arm-none-eabi/lib/thumb/v7-m/libc_nano.a(lib_a-nano-mallocr.o)
                0x000000002000066c                __malloc_sbrk_start
 *(COMMON)
 COMMON         0x0000000020000670        0x4 Drivers/STM32F1xx_HAL_Driver/Src/stm32f1xx_hal.o
                0x0000000020000670                uwTick
 COMMON         0x0000000020000674      0x2c4 USB_DEVICE/App/usb_device.o
                0x0000000020000674                hUsbDeviceFS
 COMMON         0x0000000020000938      0x7d0 USB_DEVICE/App/usbd_cdc_if.o
                0x0000000020000938                UserRxBufferFS
                0x0000000020000d20                UserTxBufferFS
 COMMON         0x0000000020001108      0x200 USB_DEVICE/App/usbd_desc.o
                0x0000000020001108                USBD_StrDesc
 COMMON         0x0000000020001308      0x2ec USB_DEVICE/Target/usbd_conf.o
                0x0000000020001308                hpcd_USB_FS
 COMMON         0x00000000200015f4        0x4 /Applications/STM32CubeIDE.app/Contents/Eclipse/plugins/com.st.stm32cube.ide.mcu.externaltools.gnu-tools-for-stm32.7-2018-q2-update.macos64_1.5.0.202011040924/tools/bin/../lib/gcc/arm-none-eabi/7.3.1/../../../../arm-none-eabi/lib/thumb/v7-m/libc_nano.a(lib_a-reent.o)
                0x00000000200015f4                errno
                0x00000000200015f8                . = ALIGN (0x4)
                0x00000000200015f8                _ebss = .
                0x00000000200015f8                __bss_end__ = _ebss

._user_heap_stack
                0x00000000200015f8      0x800 load address 0x000000000800775c
                0x00000000200015f8                . = ALIGN (0x8)
                [!provide]                        PROVIDE (end = .)
                0x00000000200015f8                PROVIDE (_end = .)
                0x00000000200019f8                . = (. + _Min_Heap_Size)
 *fill*         0x00000000200015f8      0x400 
                0x0000000020001df8                . = (. + _Min_Stack_Size)
 *fill*         0x00000000200019f8      0x400 
                0x0000000020001df8                . = ALIGN (0x8)

/DISCARD/
 libc.a(*)
 libm.a(*)
 libgcc.a(*)

.ARM.attributes
                0x0000000000000000       0x29
 *(.ARM.attributes)
 .ARM.attributes
                0x0000000000000000       0x1d /Applications/STM32CubeIDE.app/Contents/Eclipse/plugins/com.st.stm32cube.ide.mcu.externaltools.gnu-tools-for-stm32.7-2018-q2-update.macos64_1.5.0.202011040924/tools/bin/../lib/gcc/arm-none-eabi/7.3.1/thumb/v7-m/crti.o
 .ARM.attributes
                0x000000000000001d       0x2d /Applications/STM32CubeIDE.app/Contents/Eclipse/plugins/com.st.stm32cube.ide.mcu.externaltools.gnu-tools-for-stm32.7-2018-q2-update.macos64_1.5.0.202011040924/tools/bin/../lib/gcc/arm-none-eabi/7.3.1/thumb/v7-m/crtbegin.o
 .ARM.attributes
                0x000000000000004a       0x33 Core/Src/INA226.o
 .ARM.attributes
                0x000000000000007d       0x33 Core/Src/Print.o
 .ARM.attributes
                0x00000000000000b0       0x33 Core/Src/Serial.o
 .ARM.attributes
                0x00000000000000e3       0x33 Core/Src/main.o
 .ARM.attributes
                0x0000000000000116       0x33 Core/Src/stm32f1xx_hal_msp.o
 .ARM.attributes
                0x0000000000000149       0x33 Core/Src/stm32f1xx_it.o
 .ARM.attributes
                0x000000000000017c       0x33 Core/Src/syscalls.o
 .ARM.attributes
                0x00000000000001af       0x33 Core/Src/sysmem.o
 .ARM.attributes
                0x00000000000001e2       0x33 Core/Src/system_stm32f1xx.o
 .ARM.attributes
                0x0000000000000215       0x21 Core/Startup/startup_stm32f103c8tx.o
 .ARM.attributes
                0x0000000000000236       0x33 Drivers/STM32F1xx_HAL_Driver/Src/stm32f1xx_hal.o
 .ARM.attributes
                0x0000000000000269       0x33 Drivers/STM32F1xx_HAL_Driver/Src/stm32f1xx_hal_cortex.o
 .ARM.attributes
                0x000000000000029c       0x33 Drivers/STM32F1xx_HAL_Driver/Src/stm32f1xx_hal_gpio.o
 .ARM.attributes
                0x00000000000002cf       0x33 Drivers/STM32F1xx_HAL_Driver/Src/stm32f1xx_hal_i2c.o
 .ARM.attributes
                0x0000000000000302       0x33 Drivers/STM32F1xx_HAL_Driver/Src/stm32f1xx_hal_pcd.o
 .ARM.attributes
                0x0000000000000335       0x33 Drivers/STM32F1xx_HAL_Driver/Src/stm32f1xx_hal_pcd_ex.o
 .ARM.attributes
                0x0000000000000368       0x33 Drivers/STM32F1xx_HAL_Driver/Src/stm32f1xx_hal_rcc.o
 .ARM.attributes
                0x000000000000039b       0x33 Drivers/STM32F1xx_HAL_Driver/Src/stm32f1xx_hal_rcc_ex.o
 .ARM.attributes
                0x00000000000003ce       0x33 Drivers/STM32F1xx_HAL_Driver/Src/stm32f1xx_hal_uart.o
 .ARM.attributes
                0x0000000000000401       0x33 Drivers/STM32F1xx_HAL_Driver/Src/stm32f1xx_ll_usb.o
 .ARM.attributes
                0x0000000000000434       0x33 Middlewares/ST/STM32_USB_Device_Library/Class/CDC/Src/usbd_cdc.o
 .ARM.attributes
                0x0000000000000467       0x33 Middlewares/ST/STM32_USB_Device_Library/Core/Src/usbd_core.o
 .ARM.attributes
                0x000000000000049a       0x33 Middlewares/ST/STM32_USB_Device_Library/Core/Src/usbd_ctlreq.o
 .ARM.attributes
                0x00000000000004cd       0x33 Middlewares/ST/STM32_USB_Device_Library/Core/Src/usbd_ioreq.o
 .ARM.attributes
                0x0000000000000500       0x33 USB_DEVICE/App/usb_device.o
 .ARM.attributes
                0x0000000000000533       0x33 USB_DEVICE/App/usbd_cdc_if.o
 .ARM.attributes
                0x0000000000000566       0x33 USB_DEVICE/App/usbd_desc.o
 .ARM.attributes
                0x0000000000000599       0x33 USB_DEVICE/Target/usbd_conf.o
 .ARM.attributes
                0x00000000000005cc       0x2d /Applications/STM32CubeIDE.app/Contents/Eclipse/plugins/com.st.stm32cube.ide.mcu.externaltools.gnu-tools-for-stm32.7-2018-q2-update.macos64_1.5.0.202011040924/tools/bin/../lib/gcc/arm-none-eabi/7.3.1/../../../../arm-none-eabi/lib/thumb/v7-m/libstdc++_nano.a(pure.o)
 .ARM.attributes
                0x00000000000005f9       0x2d /Applications/STM32CubeIDE.app/Contents/Eclipse/plugins/com.st.stm32cube.ide.mcu.externaltools.gnu-tools-for-stm32.7-2018-q2-update.macos64_1.5.0.202011040924/tools/bin/../lib/gcc/arm-none-eabi/7.3.1/../../../../arm-none-eabi/lib/thumb/v7-m/libstdc++_nano.a(eh_terminate.o)
 .ARM.attributes
                0x0000000000000626       0x2d /Applications/STM32CubeIDE.app/Contents/Eclipse/plugins/com.st.stm32cube.ide.mcu.externaltools.gnu-tools-for-stm32.7-2018-q2-update.macos64_1.5.0.202011040924/tools/bin/../lib/gcc/arm-none-eabi/7.3.1/../../../../arm-none-eabi/lib/thumb/v7-m/libstdc++_nano.a(eh_term_handler.o)
 .ARM.attributes
                0x0000000000000653       0x2d /Applications/STM32CubeIDE.app/Contents/Eclipse/plugins/com.st.stm32cube.ide.mcu.externaltools.gnu-tools-for-stm32.7-2018-q2-update.macos64_1.5.0.202011040924/tools/bin/../lib/gcc/arm-none-eabi/7.3.1/../../../../arm-none-eabi/lib/thumb/v7-m/libm.a(lib_a-s_ceil.o)
 .ARM.attributes
                0x0000000000000680       0x2d /Applications/STM32CubeIDE.app/Contents/Eclipse/plugins/com.st.stm32cube.ide.mcu.externaltools.gnu-tools-for-stm32.7-2018-q2-update.macos64_1.5.0.202011040924/tools/bin/../lib/gcc/arm-none-eabi/7.3.1/../../../../arm-none-eabi/lib/thumb/v7-m/libc_nano.a(lib_a-abort.o)
 .ARM.attributes
                0x00000000000006ad       0x2d /Applications/STM32CubeIDE.app/Contents/Eclipse/plugins/com.st.stm32cube.ide.mcu.externaltools.gnu-tools-for-stm32.7-2018-q2-update.macos64_1.5.0.202011040924/tools/bin/../lib/gcc/arm-none-eabi/7.3.1/../../../../arm-none-eabi/lib/thumb/v7-m/libc_nano.a(lib_a-errno.o)
 .ARM.attributes